Archive member included to satisfy reference by file (symbol)

/home/jam/dev/ultimate/saltynx/arc_mod_installer/../libnx_min/nx//lib/libnx_min.a(switch_crt0.o)
                              (_start)
/home/jam/dev/ultimate/saltynx/arc_mod_installer/../libnx_min/nx//lib/libnx_min.a(dynamic.o)
                              /home/jam/dev/ultimate/saltynx/arc_mod_installer/../libnx_min/nx//lib/libnx_min.a(switch_crt0.o) (__nx_dynamic)
/home/jam/dev/ultimate/saltynx/arc_mod_installer/../libnx_min/nx//lib/libnx_min.a(init.o)
                              /home/jam/dev/ultimate/saltynx/arc_mod_installer/../libnx_min/nx//lib/libnx_min.a(switch_crt0.o) (__stack_top)
/home/jam/dev/ultimate/saltynx/arc_mod_installer/../libnx_min/nx//lib/libnx_min.a(env.o)
                              /home/jam/dev/ultimate/saltynx/arc_mod_installer/../libnx_min/nx//lib/libnx_min.a(init.o) (envSetup)
/home/jam/dev/ultimate/saltynx/arc_mod_installer/../libnx_min/nx//lib/libnx_min.a(newlib.o)
                              /home/jam/dev/ultimate/saltynx/arc_mod_installer/../libnx_min/nx//lib/libnx_min.a(init.o) (__libnx_init_time)
/home/jam/dev/ultimate/saltynx/arc_mod_installer/../libnx_min/nx//lib/libnx_min.a(argv.o)
                              /home/jam/dev/ultimate/saltynx/arc_mod_installer/../libnx_min/nx//lib/libnx_min.a(init.o) (argvSetup)
/home/jam/dev/ultimate/saltynx/arc_mod_installer/../libnx_min/nx//lib/libnx_min.a(fs_dev.o)
                              /home/jam/dev/ultimate/saltynx/arc_mod_installer/../libnx_min/nx//lib/libnx_min.a(init.o) (fsdevMountSdmc)
/home/jam/dev/ultimate/saltynx/arc_mod_installer/../libnx_min/nx//lib/libnx_min.a(decode_utf8.o)
                              /home/jam/dev/ultimate/saltynx/arc_mod_installer/../libnx_min/nx//lib/libnx_min.a(fs_dev.o) (decode_utf8)
/home/jam/dev/ultimate/saltynx/arc_mod_installer/../libnx_min/nx//lib/libnx_min.a(svc.o)
                              /home/jam/dev/ultimate/saltynx/arc_mod_installer/../libnx_min/nx//lib/libnx_min.a(init.o) (svcSetHeapSize)
/home/jam/dev/ultimate/saltynx/arc_mod_installer/../libnx_min/nx//lib/libnx_min.a(exception.o)
                              /home/jam/dev/ultimate/saltynx/arc_mod_installer/../libnx_min/nx//lib/libnx_min.a(switch_crt0.o) (__libnx_exception_entry)
/home/jam/dev/ultimate/saltynx/arc_mod_installer/../libnx_min/nx//lib/libnx_min.a(readtp.o)
                              /home/jam/dev/ultimate/saltynx/arc_mod_installer/../libnx_min/nx//lib/libnx_min.a(fs_dev.o) (__aarch64_read_tp)
/home/jam/dev/ultimate/saltynx/arc_mod_installer/../libnx_min/nx//lib/libnx_min.a(mutex.o)
                              /home/jam/dev/ultimate/saltynx/arc_mod_installer/../libnx_min/nx//lib/libnx_min.a(newlib.o) (mutexLock)
/home/jam/dev/ultimate/saltynx/arc_mod_installer/../libnx_min/nx//lib/libnx_min.a(virtmem.o)
                              /home/jam/dev/ultimate/saltynx/arc_mod_installer/../libnx_min/nx//lib/libnx_min.a(init.o) (virtmemSetup)
/home/jam/dev/ultimate/saltynx/arc_mod_installer/../libnx_min/nx//lib/libnx_min.a(condvar.o)
                              /home/jam/dev/ultimate/saltynx/arc_mod_installer/../libnx_min/nx//lib/libnx_min.a(newlib.o) (condvarWaitTimeout)
/home/jam/dev/ultimate/saltynx/arc_mod_installer/../libnx_min/nx//lib/libnx_min.a(thread.o)
                              /home/jam/dev/ultimate/saltynx/arc_mod_installer/../libnx_min/nx//lib/libnx_min.a(newlib.o) (threadCreate)
/home/jam/dev/ultimate/saltynx/arc_mod_installer/../libnx_min/nx//lib/libnx_min.a(applet.o)
                              /home/jam/dev/ultimate/saltynx/arc_mod_installer/../libnx_min/nx//lib/libnx_min.a(init.o) (appletExit)
/home/jam/dev/ultimate/saltynx/arc_mod_installer/../libnx_min/nx//lib/libnx_min.a(time.o)
                              /home/jam/dev/ultimate/saltynx/arc_mod_installer/../libnx_min/nx//lib/libnx_min.a(init.o) (timeExit)
/home/jam/dev/ultimate/saltynx/arc_mod_installer/../libnx_min/nx//lib/libnx_min.a(hid.o)
                              /home/jam/dev/ultimate/saltynx/arc_mod_installer/../libnx_min/nx//lib/libnx_min.a(init.o) (hidExit)
/home/jam/dev/ultimate/saltynx/arc_mod_installer/../libnx_min/nx//lib/libnx_min.a(sm.o)
                              /home/jam/dev/ultimate/saltynx/arc_mod_installer/../libnx_min/nx//lib/libnx_min.a(env.o) (smAddOverrideHandle)
/home/jam/dev/ultimate/saltynx/arc_mod_installer/../libnx_min/nx//lib/libnx_min.a(apm.o)
                              /home/jam/dev/ultimate/saltynx/arc_mod_installer/../libnx_min/nx//lib/libnx_min.a(applet.o) (apmExit)
/home/jam/dev/ultimate/saltynx/arc_mod_installer/../libnx_min/nx//lib/libnx_min.a(fatal.o)
                              /home/jam/dev/ultimate/saltynx/arc_mod_installer/../libnx_min/nx//lib/libnx_min.a(dynamic.o) (fatalSimple)
/home/jam/dev/ultimate/saltynx/arc_mod_installer/../libnx_min/nx//lib/libnx_min.a(set.o)
                              /home/jam/dev/ultimate/saltynx/arc_mod_installer/../libnx_min/nx//lib/libnx_min.a(init.o) (setsysInitialize)
[...]
Memory Configuration

Name             Origin             Length             Attributes
*default*        0x0000000000000000 0xffffffffffffffff

Linker script and memory map

                0x0000000000000000                PROVIDE (__start__ = 0x0)
                0x0000000000000000                . = __start__

.crt0           0x0000000000000000      0x158
 *(.crt0)
 .crt0          0x0000000000000000      0x158 /home/jam/dev/ultimate/saltynx/arc_mod_installer/../libnx_min/nx//lib/libnx_min.a(switch_crt0.o)
                0x0000000000000000                _start
                0x0000000000000120                __nx_exit
                0x0000000000000130                __nx_mod0
                0x0000000000000158                . = ALIGN (0x8)

.init           0x0000000000000158       0x38
 *(.init)
 .init          0x0000000000000158       0x18 /opt/devkitpro/devkitA64/lib/gcc/aarch64-none-elf/8.3.0/pic/crti.o
                0x0000000000000158                _init
 .init          0x0000000000000170       0x1c /opt/devkitpro/devkitA64/lib/gcc/aarch64-none-elf/8.3.0/pic/crtn.o
                0x0000000000000190                . = ALIGN (0x8)
 *fill*         0x000000000000018c        0x4 

.plt            0x0000000000000190       0xa0
 *(.plt)
 .plt           0x0000000000000190       0xa0 /opt/devkitpro/devkitA64/lib/gcc/aarch64-none-elf/8.3.0/pic/crti.o
 *(.iplt)
                0x0000000000000230                . = ALIGN (0x8)

.text           0x0000000000000240    0x28050
 *(.text.unlikely .text.*_unlikely .text.unlikely.*)
 *(.text.exit .text.exit.*)
 .text.exit     0x0000000000000240       0x38 /opt/devkitpro/devkitA64/lib/gcc/aarch64-none-elf/8.3.0/../../../../aarch64-none-elf/lib/pic/libg.a(lib_a-exit.o)
                0x0000000000000240                exit
 *(.text.startup .text.startup.*)
 *fill*         0x0000000000000278        0x8 
 .text.startup  0x0000000000000280       0x30 main.o
                0x0000000000000280                main
 *(.text.hot .text.hot.*)
 *(.text .stub .text.* .gnu.linkonce.t.*)
 .text.deregister_tm_clones
                0x00000000000002b0       0x2c /opt/devkitpro/devkitA64/lib/gcc/aarch64-none-elf/8.3.0/pic/crtbegin.o
 *fill*         0x00000000000002dc        0x4 
 .text.register_tm_clones
                0x00000000000002e0       0x38 /opt/devkitpro/devkitA64/lib/gcc/aarch64-none-elf/8.3.0/pic/crtbegin.o
 .text.__do_global_dtors_aux
                0x0000000000000318       0x48 /opt/devkitpro/devkitA64/lib/gcc/aarch64-none-elf/8.3.0/pic/crtbegin.o
 .text.frame_dummy
                0x0000000000000360       0x34 /opt/devkitpro/devkitA64/lib/gcc/aarch64-none-elf/8.3.0/pic/crtbegin.o
 *fill*         0x0000000000000394        0xc 
 .text          0x00000000000003a0      0x3c8 main.o
                0x00000000000003a0                __libnx_init
                0x0000000000000400                __libnx_exit
                0x0000000000000450                load_mod
                0x0000000000000560                load_mods
 *fill*         0x0000000000000768        0x8 
 .text.__nx_dynamic
                0x0000000000000770       0xa0 /home/jam/dev/ultimate/saltynx/arc_mod_installer/../libnx_min/nx//lib/libnx_min.a(dynamic.o)
                0x0000000000000770                __nx_dynamic
 .text.__libnx_initheap
                0x0000000000000810       0xd8 /home/jam/dev/ultimate/saltynx/arc_mod_installer/../libnx_min/nx//lib/libnx_min.a(init.o)
                0x0000000000000810                __libnx_initheap
 *fill*         0x00000000000008e8        0x8 
 .text.__appInit
                0x00000000000008f0       0xdc /home/jam/dev/ultimate/saltynx/arc_mod_installer/../libnx_min/nx//lib/libnx_min.a(init.o)
                0x00000000000008f0                __appInit
 *fill*         0x00000000000009cc        0x4 
 .text.__appExit
                0x00000000000009d0       0x44 /home/jam/dev/ultimate/saltynx/arc_mod_installer/../libnx_min/nx//lib/libnx_min.a(init.o)
                0x00000000000009d0                __appExit
 *fill*         0x0000000000000a14        0xc 
 .text.envSetup
                0x0000000000000a20      0x208 /home/jam/dev/ultimate/saltynx/arc_mod_installer/../libnx_min/nx//lib/libnx_min.a(env.o)
                0x0000000000000a20                envSetup
 *fill*         0x0000000000000c28        0x8 
 .text.envGetMainThreadHandle
                0x0000000000000c30       0x20 /home/jam/dev/ultimate/saltynx/arc_mod_installer/../libnx_min/nx//lib/libnx_min.a(env.o)
                0x0000000000000c30                envGetMainThreadHandle
 .text.envIsNso
                0x0000000000000c50        0xc /home/jam/dev/ultimate/saltynx/arc_mod_installer/../libnx_min/nx//lib/libnx_min.a(env.o)
                0x0000000000000c50                envIsNso
 *fill*         0x0000000000000c5c        0x4 
 .text.envHasHeapOverride
                0x0000000000000c60       0x14 /home/jam/dev/ultimate/saltynx/arc_mod_installer/../libnx_min/nx//lib/libnx_min.a(env.o)
                0x0000000000000c60                envHasHeapOverride
 *fill*         0x0000000000000c74        0xc 
 .text.envGetHeapOverrideAddr
                0x0000000000000c80        0xc /home/jam/dev/ultimate/saltynx/arc_mod_installer/../libnx_min/nx//lib/libnx_min.a(env.o)
                0x0000000000000c80                envGetHeapOverrideAddr
 *fill*         0x0000000000000c8c        0x4 
 .text.envGetHeapOverrideSize
                0x0000000000000c90        0xc /home/jam/dev/ultimate/saltynx/arc_mod_installer/../libnx_min/nx//lib/libnx_min.a(env.o)
                0x0000000000000c90                envGetHeapOverrideSize
 *fill*         0x0000000000000c9c        0x4 
 .text.envHasArgv
                0x0000000000000ca0       0x14 /home/jam/dev/ultimate/saltynx/arc_mod_installer/../libnx_min/nx//lib/libnx_min.a(env.o)
                0x0000000000000ca0                envHasArgv
 *fill*         0x0000000000000cb4        0xc 
 .text.envGetArgv
                0x0000000000000cc0        0xc /home/jam/dev/ultimate/saltynx/arc_mod_installer/../libnx_min/nx//lib/libnx_min.a(env.o)
                0x0000000000000cc0                envGetArgv
 *fill*         0x0000000000000ccc        0x4 
 .text.envIsSyscallHinted
                0x0000000000000cd0       0x20 /home/jam/dev/ultimate/saltynx/arc_mod_installer/../libnx_min/nx//lib/libnx_min.a(env.o)
                0x0000000000000cd0                envIsSyscallHinted
 .text.envGetOwnProcessHandle
                0x0000000000000cf0        0xc /home/jam/dev/ultimate/saltynx/arc_mod_installer/../libnx_min/nx//lib/libnx_min.a(env.o)
                0x0000000000000cf0                envGetOwnProcessHandle
 *fill*         0x0000000000000cfc        0x4 
 .text.envGetExitFuncPtr
                0x0000000000000d00        0xc /home/jam/dev/ultimate/saltynx/arc_mod_installer/../libnx_min/nx//lib/libnx_min.a(env.o)
                0x0000000000000d00                envGetExitFuncPtr
 *fill*         0x0000000000000d0c        0x4 
 .text.envSetExitFuncPtr
                0x0000000000000d10        0xc /home/jam/dev/ultimate/saltynx/arc_mod_installer/../libnx_min/nx//lib/libnx_min.a(env.o)
                0x0000000000000d10                envSetExitFuncPtr
 *fill*         0x0000000000000d1c        0x4 
 .text.envSetNextLoad
                0x0000000000000d20       0x7c /home/jam/dev/ultimate/saltynx/arc_mod_installer/../libnx_min/nx//lib/libnx_min.a(env.o)
                0x0000000000000d20                envSetNextLoad
 *fill*         0x0000000000000d9c        0x4 
 .text.envHasNextLoad
                0x0000000000000da0       0x14 /home/jam/dev/ultimate/saltynx/arc_mod_installer/../libnx_min/nx//lib/libnx_min.a(env.o)
                0x0000000000000da0                envHasNextLoad
 *fill*         0x0000000000000db4        0xc 
 .text.envGetLastLoadResult
                0x0000000000000dc0        0xc /home/jam/dev/ultimate/saltynx/arc_mod_installer/../libnx_min/nx//lib/libnx_min.a(env.o)
                0x0000000000000dc0                envGetLastLoadResult
 *fill*         0x0000000000000dcc        0x4 
 .text.envHasRandomSeed
                0x0000000000000dd0        0xc /home/jam/dev/ultimate/saltynx/arc_mod_installer/../libnx_min/nx//lib/libnx_min.a(env.o)
                0x0000000000000dd0                envHasRandomSeed
 *fill*         0x0000000000000ddc        0x4 
 .text.envGetRandomSeed
                0x0000000000000de0       0x18 /home/jam/dev/ultimate/saltynx/arc_mod_installer/../libnx_min/nx//lib/libnx_min.a(env.o)
                0x0000000000000de0                envGetRandomSeed
 *fill*         0x0000000000000df8        0x8 
 .text.__syscall_exit
                0x0000000000000e00       0x1c /home/jam/dev/ultimate/saltynx/arc_mod_installer/../libnx_min/nx//lib/libnx_min.a(newlib.o)
                0x0000000000000e00                __syscall_exit
 *fill*         0x0000000000000e1c        0x4 
 .text.__syscall_getreent
                0x0000000000000e20       0x10 /home/jam/dev/ultimate/saltynx/arc_mod_installer/../libnx_min/nx//lib/libnx_min.a(newlib.o)
                0x0000000000000e20                __syscall_getreent
 .text.__syscall_lock_acquire
                0x0000000000000e30        0x4 /home/jam/dev/ultimate/saltynx/arc_mod_installer/../libnx_min/nx//lib/libnx_min.a(newlib.o)
                0x0000000000000e30                __syscall_lock_acquire
 *fill*         0x0000000000000e34        0xc 
 .text.__syscall_lock_try_acquire
                0x0000000000000e40       0x1c /home/jam/dev/ultimate/saltynx/arc_mod_installer/../libnx_min/nx//lib/libnx_min.a(newlib.o)
                0x0000000000000e40                __syscall_lock_try_acquire
 *fill*         0x0000000000000e5c        0x4 
 .text.__syscall_lock_release
                0x0000000000000e60        0x4 /home/jam/dev/ultimate/saltynx/arc_mod_installer/../libnx_min/nx//lib/libnx_min.a(newlib.o)
                0x0000000000000e60                __syscall_lock_release
 *fill*         0x0000000000000e64        0xc 
 .text.__syscall_lock_acquire_recursive
                0x0000000000000e70        0x4 /home/jam/dev/ultimate/saltynx/arc_mod_installer/../libnx_min/nx//lib/libnx_min.a(newlib.o)
                0x0000000000000e70                __syscall_lock_acquire_recursive
 *fill*         0x0000000000000e74        0xc 
 .text.__syscall_lock_try_acquire_recursive
                0x0000000000000e80       0x1c /home/jam/dev/ultimate/saltynx/arc_mod_installer/../libnx_min/nx//lib/libnx_min.a(newlib.o)
                0x0000000000000e80                __syscall_lock_try_acquire_recursive
 *fill*         0x0000000000000e9c        0x4 
 .text.__syscall_lock_release_recursive
                0x0000000000000ea0        0x4 /home/jam/dev/ultimate/saltynx/arc_mod_installer/../libnx_min/nx//lib/libnx_min.a(newlib.o)
                0x0000000000000ea0                __syscall_lock_release_recursive
 *fill*         0x0000000000000ea4        0xc 
 .text.__syscall_cond_signal
                0x0000000000000eb0       0x40 /home/jam/dev/ultimate/saltynx/arc_mod_installer/../libnx_min/nx//lib/libnx_min.a(newlib.o)
                0x0000000000000eb0                __syscall_cond_signal
 .text.__syscall_cond_broadcast
                0x0000000000000ef0       0x40 /home/jam/dev/ultimate/saltynx/arc_mod_installer/../libnx_min/nx//lib/libnx_min.a(newlib.o)
                0x0000000000000ef0                __syscall_cond_broadcast
 .text.__syscall_cond_wait
                0x0000000000000f30       0x3c /home/jam/dev/ultimate/saltynx/arc_mod_installer/../libnx_min/nx//lib/libnx_min.a(newlib.o)
                0x0000000000000f30                __syscall_cond_wait
 *fill*         0x0000000000000f6c        0x4 
 .text.__syscall_cond_wait_recursive
                0x0000000000000f70       0x64 /home/jam/dev/ultimate/saltynx/arc_mod_installer/../libnx_min/nx//lib/libnx_min.a(newlib.o)
                0x0000000000000f70                __syscall_cond_wait_recursive
 *fill*         0x0000000000000fd4        0xc 
 .text.__syscall_thread_self
                0x0000000000000fe0       0x14 /home/jam/dev/ultimate/saltynx/arc_mod_installer/../libnx_min/nx//lib/libnx_min.a(newlib.o)
                0x0000000000000fe0                __syscall_thread_self
 *fill*         0x0000000000000ff4        0xc 
 .text.__syscall_thread_exit
                0x0000000000001000       0x2c /home/jam/dev/ultimate/saltynx/arc_mod_installer/../libnx_min/nx//lib/libnx_min.a(newlib.o)
                0x0000000000001000                __syscall_thread_exit
 *fill*         0x000000000000102c        0x4 
 .text.__thread_entry
                0x0000000000001030       0x58 /home/jam/dev/ultimate/saltynx/arc_mod_installer/../libnx_min/nx//lib/libnx_min.a(newlib.o)
 *fill*         0x0000000000001088        0x8 
 .text.__syscall_thread_create
                0x0000000000001090      0x15c /home/jam/dev/ultimate/saltynx/arc_mod_installer/../libnx_min/nx//lib/libnx_min.a(newlib.o)
                0x0000000000001090                __syscall_thread_create
 *fill*         0x00000000000011ec        0x4 
 .text.__syscall_thread_join
                0x00000000000011f0       0x58 /home/jam/dev/ultimate/saltynx/arc_mod_installer/../libnx_min/nx//lib/libnx_min.a(newlib.o)
                0x00000000000011f0                __syscall_thread_join
 *fill*         0x0000000000001248        0x8 
 .text.__syscall_tls_create
                0x0000000000001250       0x44 /home/jam/dev/ultimate/saltynx/arc_mod_installer/../libnx_min/nx//lib/libnx_min.a(newlib.o)
                0x0000000000001250                __syscall_tls_create
 *fill*         0x0000000000001294        0xc 
 .text.__syscall_tls_set
                0x00000000000012a0       0x18 /home/jam/dev/ultimate/saltynx/arc_mod_installer/../libnx_min/nx//lib/libnx_min.a(newlib.o)
                0x00000000000012a0                __syscall_tls_set
 *fill*         0x00000000000012b8        0x8 
 .text.__syscall_tls_get
                0x00000000000012c0        0x4 /home/jam/dev/ultimate/saltynx/arc_mod_installer/../libnx_min/nx//lib/libnx_min.a(newlib.o)
                0x00000000000012c0                __syscall_tls_get
 *fill*         0x00000000000012c4        0xc 
 .text.__syscall_tls_delete
                0x00000000000012d0       0x18 /home/jam/dev/ultimate/saltynx/arc_mod_installer/../libnx_min/nx//lib/libnx_min.a(newlib.o)
                0x00000000000012d0                __syscall_tls_delete
 *fill*         0x00000000000012e8        0x8 
 .text.sched_yield
                0x00000000000012f0       0x1c /home/jam/dev/ultimate/saltynx/arc_mod_installer/../libnx_min/nx//lib/libnx_min.a(newlib.o)
                0x00000000000012f0                sched_yield
 *fill*         0x000000000000130c        0x4 
 .text.sched_getcpu
                0x0000000000001310        0x4 /home/jam/dev/ultimate/saltynx/arc_mod_installer/../libnx_min/nx//lib/libnx_min.a(newlib.o)
                0x0000000000001310                sched_getcpu
 *fill*         0x0000000000001314        0xc 
 .text.__libnx_init_time
                0x0000000000001320      0x27c /home/jam/dev/ultimate/saltynx/arc_mod_installer/../libnx_min/nx//lib/libnx_min.a(newlib.o)
                0x0000000000001320                __libnx_init_time
 *fill*         0x000000000000159c        0x4 
 .text.__syscall_clock_getres
                0x00000000000015a0       0x58 /home/jam/dev/ultimate/saltynx/arc_mod_installer/../libnx_min/nx//lib/libnx_min.a(newlib.o)
                0x00000000000015a0                __syscall_clock_getres
 *fill*         0x00000000000015f8        0x8 
 .text.__syscall_clock_gettime
                0x0000000000001600       0xf8 /home/jam/dev/ultimate/saltynx/arc_mod_installer/../libnx_min/nx//lib/libnx_min.a(newlib.o)
                0x0000000000001600                __syscall_clock_gettime
 *fill*         0x00000000000016f8        0x8 
 .text.__syscall_gettod_r
                0x0000000000001700       0x8c /home/jam/dev/ultimate/saltynx/arc_mod_installer/../libnx_min/nx//lib/libnx_min.a(newlib.o)
                0x0000000000001700                __syscall_gettod_r
 *fill*         0x000000000000178c        0x4 
 .text.__syscall_nanosleep
                0x0000000000001790       0x5c /home/jam/dev/ultimate/saltynx/arc_mod_installer/../libnx_min/nx//lib/libnx_min.a(newlib.o)
                0x0000000000001790                __syscall_nanosleep
 *fill*         0x00000000000017ec        0x4 
 .text.newlibSetup
                0x00000000000017f0       0x74 /home/jam/dev/ultimate/saltynx/arc_mod_installer/../libnx_min/nx//lib/libnx_min.a(newlib.o)
                0x00000000000017f0                newlibSetup
 *fill*         0x0000000000001864        0xc 
 .text.argvSetup
                0x0000000000001870      0x318 /home/jam/dev/ultimate/saltynx/arc_mod_installer/../libnx_min/nx//lib/libnx_min.a(argv.o)
                0x0000000000001870                argvSetup
 *fill*         0x0000000000001b88        0x8 
 .text.fsdev_link
                0x0000000000001b90       0x10 /home/jam/dev/ultimate/saltynx/arc_mod_installer/../libnx_min/nx//lib/libnx_min.a(fs_dev.o)
 .text.fsdev_dirreset
                0x0000000000001ba0       0x10 /home/jam/dev/ultimate/saltynx/arc_mod_installer/../libnx_min/nx//lib/libnx_min.a(fs_dev.o)
 .text.fsdev_chmod
                0x0000000000001bb0       0x10 /home/jam/dev/ultimate/saltynx/arc_mod_installer/../libnx_min/nx//lib/libnx_min.a(fs_dev.o)
 .text.error_cmp
                0x0000000000001bc0       0x1c /home/jam/dev/ultimate/saltynx/arc_mod_installer/../libnx_min/nx//lib/libnx_min.a(fs_dev.o)
 *fill*         0x0000000000001bdc        0x4 
 .text.fsdev_translate_error
                0x0000000000001be0       0x5c /home/jam/dev/ultimate/saltynx/arc_mod_installer/../libnx_min/nx//lib/libnx_min.a(fs_dev.o)
 *fill*         0x0000000000001c3c        0x4 
 .text.fsdev_fsync
                0x0000000000001c40       0x40 /home/jam/dev/ultimate/saltynx/arc_mod_installer/../libnx_min/nx//lib/libnx_min.a(fs_dev.o)
 .text.fsdev_ftruncate
                0x0000000000001c80       0x60 /home/jam/dev/ultimate/saltynx/arc_mod_installer/../libnx_min/nx//lib/libnx_min.a(fs_dev.o)
 .text.fsdev_dirclose
                0x0000000000001ce0       0x20 /home/jam/dev/ultimate/saltynx/arc_mod_installer/../libnx_min/nx//lib/libnx_min.a(fs_dev.o)
 .text.fsdev_dirnext
                0x0000000000001d00      0x16c /home/jam/dev/ultimate/saltynx/arc_mod_installer/../libnx_min/nx//lib/libnx_min.a(fs_dev.o)
 *fill*         0x0000000000001e6c        0x4 
 .text.fsdev_close
                0x0000000000001e70       0x1c /home/jam/dev/ultimate/saltynx/arc_mod_installer/../libnx_min/nx//lib/libnx_min.a(fs_dev.o)
 *fill*         0x0000000000001e8c        0x4 
 .text.fsdev_fstat
                0x0000000000001e90       0xa4 /home/jam/dev/ultimate/saltynx/arc_mod_installer/../libnx_min/nx//lib/libnx_min.a(fs_dev.o)
 *fill*         0x0000000000001f34        0xc 
 .text.fsdev_seek
                0x0000000000001f40       0xb0 /home/jam/dev/ultimate/saltynx/arc_mod_installer/../libnx_min/nx//lib/libnx_min.a(fs_dev.o)
 .text.fsdev_read
                0x0000000000001ff0      0x1a0 /home/jam/dev/ultimate/saltynx/arc_mod_installer/../libnx_min/nx//lib/libnx_min.a(fs_dev.o)
 .text.fsdev_write
                0x0000000000002190      0x1a8 /home/jam/dev/ultimate/saltynx/arc_mod_installer/../libnx_min/nx//lib/libnx_min.a(fs_dev.o)
 *fill*         0x0000000000002338        0x8 
 .text.fsdevFindDevice
                0x0000000000002340      0x120 /home/jam/dev/ultimate/saltynx/arc_mod_installer/../libnx_min/nx//lib/libnx_min.a(fs_dev.o)
 .text._fsdevMountDevice
                0x0000000000002460      0x140 /home/jam/dev/ultimate/saltynx/arc_mod_installer/../libnx_min/nx//lib/libnx_min.a(fs_dev.o)
 .text.fsdev_getfspath
                0x00000000000025a0      0x1fc /home/jam/dev/ultimate/saltynx/arc_mod_installer/../libnx_min/nx//lib/libnx_min.a(fs_dev.o)
 *fill*         0x000000000000279c        0x4 
 .text.fsdev_rmdir
                0x00000000000027a0       0x70 /home/jam/dev/ultimate/saltynx/arc_mod_installer/../libnx_min/nx//lib/libnx_min.a(fs_dev.o)
 .text.fsdev_statvfs
                0x0000000000002810       0xd4 /home/jam/dev/ultimate/saltynx/arc_mod_installer/../libnx_min/nx//lib/libnx_min.a(fs_dev.o)
 *fill*         0x00000000000028e4        0xc 
 .text.fsdev_diropen
                0x00000000000028f0       0xec /home/jam/dev/ultimate/saltynx/arc_mod_installer/../libnx_min/nx//lib/libnx_min.a(fs_dev.o)
 *fill*         0x00000000000029dc        0x4 
 .text.fsdev_mkdir
                0x00000000000029e0       0x70 /home/jam/dev/ultimate/saltynx/arc_mod_installer/../libnx_min/nx//lib/libnx_min.a(fs_dev.o)
 .text.fsdev_rename
                0x0000000000002a50      0x114 /home/jam/dev/ultimate/saltynx/arc_mod_installer/../libnx_min/nx//lib/libnx_min.a(fs_dev.o)
 *fill*         0x0000000000002b64        0xc 
 .text.fsdev_chdir
                0x0000000000002b70       0xe8 /home/jam/dev/ultimate/saltynx/arc_mod_installer/../libnx_min/nx//lib/libnx_min.a(fs_dev.o)
 *fill*         0x0000000000002c58        0x8 
 .text.fsdev_unlink
                0x0000000000002c60       0x70 /home/jam/dev/ultimate/saltynx/arc_mod_installer/../libnx_min/nx//lib/libnx_min.a(fs_dev.o)
 .text.fsdev_stat
                0x0000000000002cd0      0x1bc /home/jam/dev/ultimate/saltynx/arc_mod_installer/../libnx_min/nx//lib/libnx_min.a(fs_dev.o)
 *fill*         0x0000000000002e8c        0x4 
 .text.fsdev_open
                0x0000000000002e90      0x19c /home/jam/dev/ultimate/saltynx/arc_mod_installer/../libnx_min/nx//lib/libnx_min.a(fs_dev.o)
 *fill*         0x000000000000302c        0x4 
 .text._fsdevUnmountDeviceStruct.part.4
                0x0000000000003030       0xb8 /home/jam/dev/ultimate/saltynx/arc_mod_installer/../libnx_min/nx//lib/libnx_min.a(fs_dev.o)
 *fill*         0x00000000000030e8        0x8 
 .text.fsdev_fchmod
                0x00000000000030f0       0x10 /home/jam/dev/ultimate/saltynx/arc_mod_installer/../libnx_min/nx//lib/libnx_min.a(fs_dev.o)
 .text.fsdevMountDevice
                0x0000000000003100       0x14 /home/jam/dev/ultimate/saltynx/arc_mod_installer/../libnx_min/nx//lib/libnx_min.a(fs_dev.o)
                0x0000000000003100                fsdevMountDevice
 *fill*         0x0000000000003114        0xc 
 .text.fsdevUnmountDevice
                0x0000000000003120       0x3c /home/jam/dev/ultimate/saltynx/arc_mod_installer/../libnx_min/nx//lib/libnx_min.a(fs_dev.o)
                0x0000000000003120                fsdevUnmountDevice
 *fill*         0x000000000000315c        0x4 
 .text.fsdevCommitDevice
                0x0000000000003160       0x28 /home/jam/dev/ultimate/saltynx/arc_mod_installer/../libnx_min/nx//lib/libnx_min.a(fs_dev.o)
                0x0000000000003160                fsdevCommitDevice
 *fill*         0x0000000000003188        0x8 
 .text.fsdevSetArchiveBit
                0x0000000000003190       0x68 /home/jam/dev/ultimate/saltynx/arc_mod_installer/../libnx_min/nx//lib/libnx_min.a(fs_dev.o)
                0x0000000000003190                fsdevSetArchiveBit
 *fill*         0x00000000000031f8        0x8 
 .text.fsdevCreateFile
                0x0000000000003200       0x88 /home/jam/dev/ultimate/saltynx/arc_mod_installer/../libnx_min/nx//lib/libnx_min.a(fs_dev.o)
                0x0000000000003200                fsdevCreateFile
 *fill*         0x0000000000003288        0x8 
 .text.fsdevDeleteDirectoryRecursively
                0x0000000000003290       0x68 /home/jam/dev/ultimate/saltynx/arc_mod_installer/../libnx_min/nx//lib/libnx_min.a(fs_dev.o)
                0x0000000000003290                fsdevDeleteDirectoryRecursively
 *fill*         0x00000000000032f8        0x8 
 .text.fsdevMountSdmc
                0x0000000000003300      0x170 /home/jam/dev/ultimate/saltynx/arc_mod_installer/../libnx_min/nx//lib/libnx_min.a(fs_dev.o)
                0x0000000000003300                fsdevMountSdmc
 .text.fsdevUnmountAll
                0x0000000000003470       0x64 /home/jam/dev/ultimate/saltynx/arc_mod_installer/../libnx_min/nx//lib/libnx_min.a(fs_dev.o)
                0x0000000000003470                fsdevUnmountAll
 *fill*         0x00000000000034d4        0xc 
 .text.fsdevGetDeviceFileSystem
                0x00000000000034e0       0x20 /home/jam/dev/ultimate/saltynx/arc_mod_installer/../libnx_min/nx//lib/libnx_min.a(fs_dev.o)
                0x00000000000034e0                fsdevGetDeviceFileSystem
 .text.fsdevGetDefaultFileSystem
                0x0000000000003500       0x40 /home/jam/dev/ultimate/saltynx/arc_mod_installer/../libnx_min/nx//lib/libnx_min.a(fs_dev.o)
                0x0000000000003500                fsdevGetDefaultFileSystem
 .text.fsdevTranslatePath
                0x0000000000003540       0x58 /home/jam/dev/ultimate/saltynx/arc_mod_installer/../libnx_min/nx//lib/libnx_min.a(fs_dev.o)
                0x0000000000003540                fsdevTranslatePath
 *fill*         0x0000000000003598        0x8 
 .text.fsdev_getmtime
                0x00000000000035a0       0x20 /home/jam/dev/ultimate/saltynx/arc_mod_installer/../libnx_min/nx//lib/libnx_min.a(fs_dev.o)
                0x00000000000035a0                fsdev_getmtime
 .text.fsdevGetLastResult
                0x00000000000035c0       0x20 /home/jam/dev/ultimate/saltynx/arc_mod_installer/../libnx_min/nx//lib/libnx_min.a(fs_dev.o)
                0x00000000000035c0                fsdevGetLastResult
 .text.decode_utf8
                0x00000000000035e0      0x12c /home/jam/dev/ultimate/saltynx/arc_mod_installer/../libnx_min/nx//lib/libnx_min.a(decode_utf8.o)
                0x00000000000035e0                decode_utf8
 .text.svcSetHeapSize
                0x000000000000370c       0x14 /home/jam/dev/ultimate/saltynx/arc_mod_installer/../libnx_min/nx//lib/libnx_min.a(svc.o)
                0x000000000000370c                svcSetHeapSize
 .text.svcSetMemoryPermission
                0x0000000000003720        0x8 /home/jam/dev/ultimate/saltynx/arc_mod_installer/../libnx_min/nx//lib/libnx_min.a(svc.o)
                0x0000000000003720                svcSetMemoryPermission
 .text.svcSetMemoryAttribute
                0x0000000000003728        0x8 /home/jam/dev/ultimate/saltynx/arc_mod_installer/../libnx_min/nx//lib/libnx_min.a(svc.o)
                0x0000000000003728                svcSetMemoryAttribute
 .text.svcMapMemory
                0x0000000000003730        0x8 /home/jam/dev/ultimate/saltynx/arc_mod_installer/../libnx_min/nx//lib/libnx_min.a(svc.o)
                0x0000000000003730                svcMapMemory
 .text.svcUnmapMemory
                0x0000000000003738        0x8 /home/jam/dev/ultimate/saltynx/arc_mod_installer/../libnx_min/nx//lib/libnx_min.a(svc.o)
                0x0000000000003738                svcUnmapMemory
 .text.svcQueryMemory
                0x0000000000003740       0x14 /home/jam/dev/ultimate/saltynx/arc_mod_installer/../libnx_min/nx//lib/libnx_min.a(svc.o)
                0x0000000000003740                svcQueryMemory
 .text.svcExitProcess
                0x0000000000003754        0x8 /home/jam/dev/ultimate/saltynx/arc_mod_installer/../libnx_min/nx//lib/libnx_min.a(svc.o)
                0x0000000000003754                svcExitProcess
 .text.svcCreateThread
                0x000000000000375c       0x14 /home/jam/dev/ultimate/saltynx/arc_mod_installer/../libnx_min/nx//lib/libnx_min.a(svc.o)
                0x000000000000375c                svcCreateThread
 .text.svcStartThread
                0x0000000000003770        0x8 /home/jam/dev/ultimate/saltynx/arc_mod_installer/../libnx_min/nx//lib/libnx_min.a(svc.o)
                0x0000000000003770                svcStartThread
 .text.svcExitThread
                0x0000000000003778        0x8 /home/jam/dev/ultimate/saltynx/arc_mod_installer/../libnx_min/nx//lib/libnx_min.a(svc.o)
                0x0000000000003778                svcExitThread
 .text.svcSleepThread
                0x0000000000003780        0x8 /home/jam/dev/ultimate/saltynx/arc_mod_installer/../libnx_min/nx//lib/libnx_min.a(svc.o)
                0x0000000000003780                svcSleepThread
 .text.svcGetThreadPriority
                0x0000000000003788       0x14 /home/jam/dev/ultimate/saltynx/arc_mod_installer/../libnx_min/nx//lib/libnx_min.a(svc.o)
                0x0000000000003788                svcGetThreadPriority
 .text.svcSetThreadPriority
                0x000000000000379c        0x8 /home/jam/dev/ultimate/saltynx/arc_mod_installer/../libnx_min/nx//lib/libnx_min.a(svc.o)
                0x000000000000379c                svcSetThreadPriority
 .text.svcGetThreadCoreMask
                0x00000000000037a4       0x18 /home/jam/dev/ultimate/saltynx/arc_mod_installer/../libnx_min/nx//lib/libnx_min.a(svc.o)
                0x00000000000037a4                svcGetThreadCoreMask
 .text.svcSetThreadCoreMask
                0x00000000000037bc        0x8 /home/jam/dev/ultimate/saltynx/arc_mod_installer/../libnx_min/nx//lib/libnx_min.a(svc.o)
                0x00000000000037bc                svcSetThreadCoreMask
 .text.svcGetCurrentProcessorNumber
                0x00000000000037c4        0x8 /home/jam/dev/ultimate/saltynx/arc_mod_installer/../libnx_min/nx//lib/libnx_min.a(svc.o)
                0x00000000000037c4                svcGetCurrentProcessorNumber
 .text.svcSignalEvent
                0x00000000000037cc        0x8 /home/jam/dev/ultimate/saltynx/arc_mod_installer/../libnx_min/nx//lib/libnx_min.a(svc.o)
                0x00000000000037cc                svcSignalEvent
 .text.svcClearEvent
                0x00000000000037d4        0x8 /home/jam/dev/ultimate/saltynx/arc_mod_installer/../libnx_min/nx//lib/libnx_min.a(svc.o)
                0x00000000000037d4                svcClearEvent
 .text.svcMapSharedMemory
                0x00000000000037dc        0x8 /home/jam/dev/ultimate/saltynx/arc_mod_installer/../libnx_min/nx//lib/libnx_min.a(svc.o)
                0x00000000000037dc                svcMapSharedMemory
 .text.svcUnmapSharedMemory
                0x00000000000037e4        0x8 /home/jam/dev/ultimate/saltynx/arc_mod_installer/../libnx_min/nx//lib/libnx_min.a(svc.o)
                0x00000000000037e4                svcUnmapSharedMemory
 .text.svcCreateTransferMemory
                0x00000000000037ec       0x14 /home/jam/dev/ultimate/saltynx/arc_mod_installer/../libnx_min/nx//lib/libnx_min.a(svc.o)
                0x00000000000037ec                svcCreateTransferMemory
 .text.svcCloseHandle
                0x0000000000003800        0x8 /home/jam/dev/ultimate/saltynx/arc_mod_installer/../libnx_min/nx//lib/libnx_min.a(svc.o)
                0x0000000000003800                svcCloseHandle
 .text.svcResetSignal
                0x0000000000003808        0x8 /home/jam/dev/ultimate/saltynx/arc_mod_installer/../libnx_min/nx//lib/libnx_min.a(svc.o)
                0x0000000000003808                svcResetSignal
 .text.svcWaitSynchronization
                0x0000000000003810       0x14 /home/jam/dev/ultimate/saltynx/arc_mod_installer/../libnx_min/nx//lib/libnx_min.a(svc.o)
                0x0000000000003810                svcWaitSynchronization
 .text.svcCancelSynchronization
                0x0000000000003824        0x8 /home/jam/dev/ultimate/saltynx/arc_mod_installer/../libnx_min/nx//lib/libnx_min.a(svc.o)
                0x0000000000003824                svcCancelSynchronization
 .text.svcArbitrateLock
                0x000000000000382c        0x8 /home/jam/dev/ultimate/saltynx/arc_mod_installer/../libnx_min/nx//lib/libnx_min.a(svc.o)
                0x000000000000382c                svcArbitrateLock
 .text.svcArbitrateUnlock
                0x0000000000003834        0x8 /home/jam/dev/ultimate/saltynx/arc_mod_installer/../libnx_min/nx//lib/libnx_min.a(svc.o)
                0x0000000000003834                svcArbitrateUnlock
 .text.svcWaitProcessWideKeyAtomic
                0x000000000000383c        0x8 /home/jam/dev/ultimate/saltynx/arc_mod_installer/../libnx_min/nx//lib/libnx_min.a(svc.o)
                0x000000000000383c                svcWaitProcessWideKeyAtomic
 .text.svcSignalProcessWideKey
                0x0000000000003844        0x8 /home/jam/dev/ultimate/saltynx/arc_mod_installer/../libnx_min/nx//lib/libnx_min.a(svc.o)
                0x0000000000003844                svcSignalProcessWideKey
 .text.svcGetSystemTick
                0x000000000000384c        0x8 /home/jam/dev/ultimate/saltynx/arc_mod_installer/../libnx_min/nx//lib/libnx_min.a(svc.o)
                0x000000000000384c                svcGetSystemTick
 .text.svcConnectToNamedPort
                0x0000000000003854       0x14 /home/jam/dev/ultimate/saltynx/arc_mod_installer/../libnx_min/nx//lib/libnx_min.a(svc.o)
                0x0000000000003854                svcConnectToNamedPort
 .text.svcSendSyncRequest
                0x0000000000003868        0x8 /home/jam/dev/ultimate/saltynx/arc_mod_installer/../libnx_min/nx//lib/libnx_min.a(svc.o)
                0x0000000000003868                svcSendSyncRequest
 .text.svcSendSyncRequestWithUserBuffer
                0x0000000000003870        0x8 /home/jam/dev/ultimate/saltynx/arc_mod_installer/../libnx_min/nx//lib/libnx_min.a(svc.o)
                0x0000000000003870                svcSendSyncRequestWithUserBuffer
 .text.svcSendAsyncRequestWithUserBuffer
                0x0000000000003878       0x14 /home/jam/dev/ultimate/saltynx/arc_mod_installer/../libnx_min/nx//lib/libnx_min.a(svc.o)
                0x0000000000003878                svcSendAsyncRequestWithUserBuffer
 .text.svcGetProcessId
                0x000000000000388c       0x14 /home/jam/dev/ultimate/saltynx/arc_mod_installer/../libnx_min/nx//lib/libnx_min.a(svc.o)
                0x000000000000388c                svcGetProcessId
 .text.svcGetThreadId
                0x00000000000038a0       0x14 /home/jam/dev/ultimate/saltynx/arc_mod_installer/../libnx_min/nx//lib/libnx_min.a(svc.o)
                0x00000000000038a0                svcGetThreadId
 .text.svcBreak
                0x00000000000038b4        0x8 /home/jam/dev/ultimate/saltynx/arc_mod_installer/../libnx_min/nx//lib/libnx_min.a(svc.o)
                0x00000000000038b4                svcBreak
 .text.svcOutputDebugString
                0x00000000000038bc        0x8 /home/jam/dev/ultimate/saltynx/arc_mod_installer/../libnx_min/nx//lib/libnx_min.a(svc.o)
                0x00000000000038bc                svcOutputDebugString
 .text.svcReturnFromException
                0x00000000000038c4        0x8 /home/jam/dev/ultimate/saltynx/arc_mod_installer/../libnx_min/nx//lib/libnx_min.a(svc.o)
                0x00000000000038c4                svcReturnFromException
 .text.svcGetInfo
                0x00000000000038cc       0x14 /home/jam/dev/ultimate/saltynx/arc_mod_installer/../libnx_min/nx//lib/libnx_min.a(svc.o)
                0x00000000000038cc                svcGetInfo
 .text.svcMapPhysicalMemory
                0x00000000000038e0        0x8 /home/jam/dev/ultimate/saltynx/arc_mod_installer/../libnx_min/nx//lib/libnx_min.a(svc.o)
                0x00000000000038e0                svcMapPhysicalMemory
 .text.svcUnmapPhysicalMemory
                0x00000000000038e8        0x8 /home/jam/dev/ultimate/saltynx/arc_mod_installer/../libnx_min/nx//lib/libnx_min.a(svc.o)
                0x00000000000038e8                svcUnmapPhysicalMemory
 .text.svcGetResourceLimitLimitValue
                0x00000000000038f0       0x14 /home/jam/dev/ultimate/saltynx/arc_mod_installer/../libnx_min/nx//lib/libnx_min.a(svc.o)
                0x00000000000038f0                svcGetResourceLimitLimitValue
 .text.svcGetResourceLimitCurrentValue
                0x0000000000003904       0x14 /home/jam/dev/ultimate/saltynx/arc_mod_installer/../libnx_min/nx//lib/libnx_min.a(svc.o)
                0x0000000000003904                svcGetResourceLimitCurrentValue
 .text.svcSetThreadActivity
                0x0000000000003918        0x8 /home/jam/dev/ultimate/saltynx/arc_mod_installer/../libnx_min/nx//lib/libnx_min.a(svc.o)
                0x0000000000003918                svcSetThreadActivity
 .text.svcGetThreadContext3
                0x0000000000003920        0x8 /home/jam/dev/ultimate/saltynx/arc_mod_installer/../libnx_min/nx//lib/libnx_min.a(svc.o)
                0x0000000000003920                svcGetThreadContext3
 .text.svcCreateSession
                0x0000000000003928       0x18 /home/jam/dev/ultimate/saltynx/arc_mod_installer/../libnx_min/nx//lib/libnx_min.a(svc.o)
                0x0000000000003928                svcCreateSession
 .text.svcAcceptSession
                0x0000000000003940       0x14 /home/jam/dev/ultimate/saltynx/arc_mod_installer/../libnx_min/nx//lib/libnx_min.a(svc.o)
                0x0000000000003940                svcAcceptSession
 .text.svcReplyAndReceive
                0x0000000000003954       0x14 /home/jam/dev/ultimate/saltynx/arc_mod_installer/../libnx_min/nx//lib/libnx_min.a(svc.o)
                0x0000000000003954                svcReplyAndReceive
 .text.svcReplyAndReceiveWithUserBuffer
                0x0000000000003968       0x14 /home/jam/dev/ultimate/saltynx/arc_mod_installer/../libnx_min/nx//lib/libnx_min.a(svc.o)
                0x0000000000003968                svcReplyAndReceiveWithUserBuffer
 .text.svcCreateEvent
                0x000000000000397c       0x18 /home/jam/dev/ultimate/saltynx/arc_mod_installer/../libnx_min/nx//lib/libnx_min.a(svc.o)
                0x000000000000397c                svcCreateEvent
 .text.svcMapPhysicalMemoryUnsafe
                0x0000000000003994        0x8 /home/jam/dev/ultimate/saltynx/arc_mod_installer/../libnx_min/nx//lib/libnx_min.a(svc.o)
                0x0000000000003994                svcMapPhysicalMemoryUnsafe
 .text.svcUnmapPhysicalMemoryUnsafe
                0x000000000000399c        0x8 /home/jam/dev/ultimate/saltynx/arc_mod_installer/../libnx_min/nx//lib/libnx_min.a(svc.o)
                0x000000000000399c                svcUnmapPhysicalMemoryUnsafe
 .text.svcSetUnsafeLimit
                0x00000000000039a4        0x8 /home/jam/dev/ultimate/saltynx/arc_mod_installer/../libnx_min/nx//lib/libnx_min.a(svc.o)
                0x00000000000039a4                svcSetUnsafeLimit
 .text.svcCreateCodeMemory
                0x00000000000039ac       0x14 /home/jam/dev/ultimate/saltynx/arc_mod_installer/../libnx_min/nx//lib/libnx_min.a(svc.o)
                0x00000000000039ac                svcCreateCodeMemory
 .text.svcControlCodeMemory
                0x00000000000039c0        0x8 /home/jam/dev/ultimate/saltynx/arc_mod_installer/../libnx_min/nx//lib/libnx_min.a(svc.o)
                0x00000000000039c0                svcControlCodeMemory
 .text.svcReadWriteRegister
                0x00000000000039c8       0x14 /home/jam/dev/ultimate/saltynx/arc_mod_installer/../libnx_min/nx//lib/libnx_min.a(svc.o)
                0x00000000000039c8                svcReadWriteRegister
 .text.svcCreateSharedMemory
                0x00000000000039dc       0x14 /home/jam/dev/ultimate/saltynx/arc_mod_installer/../libnx_min/nx//lib/libnx_min.a(svc.o)
                0x00000000000039dc                svcCreateSharedMemory
 .text.svcMapTransferMemory
                0x00000000000039f0        0x8 /home/jam/dev/ultimate/saltynx/arc_mod_installer/../libnx_min/nx//lib/libnx_min.a(svc.o)
                0x00000000000039f0                svcMapTransferMemory
 .text.svcUnmapTransferMemory
                0x00000000000039f8        0x8 /home/jam/dev/ultimate/saltynx/arc_mod_installer/../libnx_min/nx//lib/libnx_min.a(svc.o)
                0x00000000000039f8                svcUnmapTransferMemory
 .text.svcCreateInterruptEvent
                0x0000000000003a00       0x14 /home/jam/dev/ultimate/saltynx/arc_mod_installer/../libnx_min/nx//lib/libnx_min.a(svc.o)
                0x0000000000003a00                svcCreateInterruptEvent
 .text.svcQueryPhysicalAddress
                0x0000000000003a14       0x18 /home/jam/dev/ultimate/saltynx/arc_mod_installer/../libnx_min/nx//lib/libnx_min.a(svc.o)
                0x0000000000003a14                svcQueryPhysicalAddress
 .text.svcQueryIoMapping
                0x0000000000003a2c       0x14 /home/jam/dev/ultimate/saltynx/arc_mod_installer/../libnx_min/nx//lib/libnx_min.a(svc.o)
                0x0000000000003a2c                svcQueryIoMapping
 .text.svcCreateDeviceAddressSpace
                0x0000000000003a40       0x14 /home/jam/dev/ultimate/saltynx/arc_mod_installer/../libnx_min/nx//lib/libnx_min.a(svc.o)
                0x0000000000003a40                svcCreateDeviceAddressSpace
 .text.svcAttachDeviceAddressSpace
                0x0000000000003a54        0x8 /home/jam/dev/ultimate/saltynx/arc_mod_installer/../libnx_min/nx//lib/libnx_min.a(svc.o)
                0x0000000000003a54                svcAttachDeviceAddressSpace
 .text.svcDetachDeviceAddressSpace
                0x0000000000003a5c        0x8 /home/jam/dev/ultimate/saltynx/arc_mod_installer/../libnx_min/nx//lib/libnx_min.a(svc.o)
                0x0000000000003a5c                svcDetachDeviceAddressSpace
 .text.svcMapDeviceAddressSpaceByForce
                0x0000000000003a64        0x8 /home/jam/dev/ultimate/saltynx/arc_mod_installer/../libnx_min/nx//lib/libnx_min.a(svc.o)
                0x0000000000003a64                svcMapDeviceAddressSpaceByForce
 .text.svcMapDeviceAddressSpaceAligned
                0x0000000000003a6c        0x8 /home/jam/dev/ultimate/saltynx/arc_mod_installer/../libnx_min/nx//lib/libnx_min.a(svc.o)
                0x0000000000003a6c                svcMapDeviceAddressSpaceAligned
 .text.svcUnmapDeviceAddressSpace
                0x0000000000003a74        0x8 /home/jam/dev/ultimate/saltynx/arc_mod_installer/../libnx_min/nx//lib/libnx_min.a(svc.o)
                0x0000000000003a74                svcUnmapDeviceAddressSpace
 .text.svcDebugActiveProcess
                0x0000000000003a7c       0x14 /home/jam/dev/ultimate/saltynx/arc_mod_installer/../libnx_min/nx//lib/libnx_min.a(svc.o)
                0x0000000000003a7c                svcDebugActiveProcess
 .text.svcBreakDebugProcess
                0x0000000000003a90        0x8 /home/jam/dev/ultimate/saltynx/arc_mod_installer/../libnx_min/nx//lib/libnx_min.a(svc.o)
                0x0000000000003a90                svcBreakDebugProcess
 .text.svcTerminateDebugProcess
                0x0000000000003a98        0x8 /home/jam/dev/ultimate/saltynx/arc_mod_installer/../libnx_min/nx//lib/libnx_min.a(svc.o)
                0x0000000000003a98                svcTerminateDebugProcess
 .text.svcGetDebugEvent
                0x0000000000003aa0        0x8 /home/jam/dev/ultimate/saltynx/arc_mod_installer/../libnx_min/nx//lib/libnx_min.a(svc.o)
                0x0000000000003aa0                svcGetDebugEvent
 .text.svcLegacyContinueDebugEvent
                0x0000000000003aa8        0x8 /home/jam/dev/ultimate/saltynx/arc_mod_installer/../libnx_min/nx//lib/libnx_min.a(svc.o)
                0x0000000000003aa8                svcLegacyContinueDebugEvent
 .text.svcContinueDebugEvent
                0x0000000000003ab0        0x8 /home/jam/dev/ultimate/saltynx/arc_mod_installer/../libnx_min/nx//lib/libnx_min.a(svc.o)
                0x0000000000003ab0                svcContinueDebugEvent
 .text.svcGetProcessList
                0x0000000000003ab8       0x14 /home/jam/dev/ultimate/saltynx/arc_mod_installer/../libnx_min/nx//lib/libnx_min.a(svc.o)
                0x0000000000003ab8                svcGetProcessList
 .text.svcGetThreadList
                0x0000000000003acc       0x14 /home/jam/dev/ultimate/saltynx/arc_mod_installer/../libnx_min/nx//lib/libnx_min.a(svc.o)
                0x0000000000003acc                svcGetThreadList
 .text.svcGetDebugThreadContext
                0x0000000000003ae0        0x8 /home/jam/dev/ultimate/saltynx/arc_mod_installer/../libnx_min/nx//lib/libnx_min.a(svc.o)
                0x0000000000003ae0                svcGetDebugThreadContext
 .text.svcSetDebugThreadContext
                0x0000000000003ae8        0x8 /home/jam/dev/ultimate/saltynx/arc_mod_installer/../libnx_min/nx//lib/libnx_min.a(svc.o)
                0x0000000000003ae8                svcSetDebugThreadContext
 .text.svcQueryDebugProcessMemory
                0x0000000000003af0       0x14 /home/jam/dev/ultimate/saltynx/arc_mod_installer/../libnx_min/nx//lib/libnx_min.a(svc.o)
                0x0000000000003af0                svcQueryDebugProcessMemory
 .text.svcReadDebugProcessMemory
                0x0000000000003b04        0x8 /home/jam/dev/ultimate/saltynx/arc_mod_installer/../libnx_min/nx//lib/libnx_min.a(svc.o)
                0x0000000000003b04                svcReadDebugProcessMemory
 .text.svcWriteDebugProcessMemory
                0x0000000000003b0c        0x8 /home/jam/dev/ultimate/saltynx/arc_mod_installer/../libnx_min/nx//lib/libnx_min.a(svc.o)
                0x0000000000003b0c                svcWriteDebugProcessMemory
 .text.svcGetDebugThreadParam
                0x0000000000003b14       0x18 /home/jam/dev/ultimate/saltynx/arc_mod_installer/../libnx_min/nx//lib/libnx_min.a(svc.o)
                0x0000000000003b14                svcGetDebugThreadParam
 .text.svcGetSystemInfo
                0x0000000000003b2c       0x14 /home/jam/dev/ultimate/saltynx/arc_mod_installer/../libnx_min/nx//lib/libnx_min.a(svc.o)
                0x0000000000003b2c                svcGetSystemInfo
 .text.svcCreatePort
                0x0000000000003b40       0x18 /home/jam/dev/ultimate/saltynx/arc_mod_installer/../libnx_min/nx//lib/libnx_min.a(svc.o)
                0x0000000000003b40                svcCreatePort
 .text.svcManageNamedPort
                0x0000000000003b58       0x14 /home/jam/dev/ultimate/saltynx/arc_mod_installer/../libnx_min/nx//lib/libnx_min.a(svc.o)
                0x0000000000003b58                svcManageNamedPort
 .text.svcConnectToPort
                0x0000000000003b6c       0x14 /home/jam/dev/ultimate/saltynx/arc_mod_installer/../libnx_min/nx//lib/libnx_min.a(svc.o)
                0x0000000000003b6c                svcConnectToPort
 .text.svcSetProcessMemoryPermission
                0x0000000000003b80        0x8 /home/jam/dev/ultimate/saltynx/arc_mod_installer/../libnx_min/nx//lib/libnx_min.a(svc.o)
                0x0000000000003b80                svcSetProcessMemoryPermission
 .text.svcMapProcessMemory
                0x0000000000003b88        0x8 /home/jam/dev/ultimate/saltynx/arc_mod_installer/../libnx_min/nx//lib/libnx_min.a(svc.o)
                0x0000000000003b88                svcMapProcessMemory
 .text.svcUnmapProcessMemory
                0x0000000000003b90        0x8 /home/jam/dev/ultimate/saltynx/arc_mod_installer/../libnx_min/nx//lib/libnx_min.a(svc.o)
                0x0000000000003b90                svcUnmapProcessMemory
 .text.svcQueryProcessMemory
                0x0000000000003b98       0x14 /home/jam/dev/ultimate/saltynx/arc_mod_installer/../libnx_min/nx//lib/libnx_min.a(svc.o)
                0x0000000000003b98                svcQueryProcessMemory
 .text.svcMapProcessCodeMemory
                0x0000000000003bac        0x8 /home/jam/dev/ultimate/saltynx/arc_mod_installer/../libnx_min/nx//lib/libnx_min.a(svc.o)
                0x0000000000003bac                svcMapProcessCodeMemory
 .text.svcUnmapProcessCodeMemory
                0x0000000000003bb4        0x8 /home/jam/dev/ultimate/saltynx/arc_mod_installer/../libnx_min/nx//lib/libnx_min.a(svc.o)
                0x0000000000003bb4                svcUnmapProcessCodeMemory
 .text.svcCreateProcess
                0x0000000000003bbc       0x14 /home/jam/dev/ultimate/saltynx/arc_mod_installer/../libnx_min/nx//lib/libnx_min.a(svc.o)
                0x0000000000003bbc                svcCreateProcess
 .text.svcStartProcess
                0x0000000000003bd0        0x8 /home/jam/dev/ultimate/saltynx/arc_mod_installer/../libnx_min/nx//lib/libnx_min.a(svc.o)
                0x0000000000003bd0                svcStartProcess
 .text.svcTerminateProcess
                0x0000000000003bd8        0x8 /home/jam/dev/ultimate/saltynx/arc_mod_installer/../libnx_min/nx//lib/libnx_min.a(svc.o)
                0x0000000000003bd8                svcTerminateProcess
 .text.svcGetProcessInfo
                0x0000000000003be0       0x14 /home/jam/dev/ultimate/saltynx/arc_mod_installer/../libnx_min/nx//lib/libnx_min.a(svc.o)
                0x0000000000003be0                svcGetProcessInfo
 .text.svcCreateResourceLimit
                0x0000000000003bf4       0x14 /home/jam/dev/ultimate/saltynx/arc_mod_installer/../libnx_min/nx//lib/libnx_min.a(svc.o)
                0x0000000000003bf4                svcCreateResourceLimit
 .text.svcSetResourceLimitLimitValue
                0x0000000000003c08        0x8 /home/jam/dev/ultimate/saltynx/arc_mod_installer/../libnx_min/nx//lib/libnx_min.a(svc.o)
                0x0000000000003c08                svcSetResourceLimitLimitValue
 .text.svcCallSecureMonitor
                0x0000000000003c10       0x34 /home/jam/dev/ultimate/saltynx/arc_mod_installer/../libnx_min/nx//lib/libnx_min.a(svc.o)
                0x0000000000003c10                svcCallSecureMonitor
 .text.__libnx_exception_entry
                0x0000000000003c44      0x1c0 /home/jam/dev/ultimate/saltynx/arc_mod_installer/../libnx_min/nx//lib/libnx_min.a(exception.o)
                0x0000000000003c44                __libnx_exception_entry
 .text.__libnx_exception_returnentry
                0x0000000000003e04       0x18 /home/jam/dev/ultimate/saltynx/arc_mod_installer/../libnx_min/nx//lib/libnx_min.a(exception.o)
                0x0000000000003e04                __libnx_exception_returnentry
 .text.__aarch64_read_tp
                0x0000000000003e1c        0xc /home/jam/dev/ultimate/saltynx/arc_mod_installer/../libnx_min/nx//lib/libnx_min.a(readtp.o)
                0x0000000000003e1c                __aarch64_read_tp
 *fill*         0x0000000000003e28        0x8 
 .text.mutexLock
                0x0000000000003e30       0x8c /home/jam/dev/ultimate/saltynx/arc_mod_installer/../libnx_min/nx//lib/libnx_min.a(mutex.o)
                0x0000000000003e30                mutexLock
 *fill*         0x0000000000003ebc        0x4 
 .text.mutexTryLock
                0x0000000000003ec0       0x34 /home/jam/dev/ultimate/saltynx/arc_mod_installer/../libnx_min/nx//lib/libnx_min.a(mutex.o)
                0x0000000000003ec0                mutexTryLock
 *fill*         0x0000000000003ef4        0xc 
 .text.mutexUnlock
                0x0000000000003f00       0x30 /home/jam/dev/ultimate/saltynx/arc_mod_installer/../libnx_min/nx//lib/libnx_min.a(mutex.o)
                0x0000000000003f00                mutexUnlock
 .text.rmutexLock
                0x0000000000003f30       0x4c /home/jam/dev/ultimate/saltynx/arc_mod_installer/../libnx_min/nx//lib/libnx_min.a(mutex.o)
                0x0000000000003f30                rmutexLock
 *fill*         0x0000000000003f7c        0x4 
 .text.rmutexTryLock
                0x0000000000003f80       0x5c /home/jam/dev/ultimate/saltynx/arc_mod_installer/../libnx_min/nx//lib/libnx_min.a(mutex.o)
                0x0000000000003f80                rmutexTryLock
 *fill*         0x0000000000003fdc        0x4 
 .text.rmutexUnlock
                0x0000000000003fe0       0x1c /home/jam/dev/ultimate/saltynx/arc_mod_installer/../libnx_min/nx//lib/libnx_min.a(mutex.o)
                0x0000000000003fe0                rmutexUnlock
 *fill*         0x0000000000003ffc        0x4 
 .text._GetRegionFromInfo.isra.1
                0x0000000000004000       0x7c /home/jam/dev/ultimate/saltynx/arc_mod_installer/../libnx_min/nx//lib/libnx_min.a(virtmem.o)
 *fill*         0x000000000000407c        0x4 
 .text.virtmemSetup
                0x0000000000004080      0x114 /home/jam/dev/ultimate/saltynx/arc_mod_installer/../libnx_min/nx//lib/libnx_min.a(virtmem.o)
                0x0000000000004080                virtmemSetup
 *fill*         0x0000000000004194        0xc 
 .text.virtmemReserve
                0x00000000000041a0      0x13c /home/jam/dev/ultimate/saltynx/arc_mod_installer/../libnx_min/nx//lib/libnx_min.a(virtmem.o)
                0x00000000000041a0                virtmemReserve
 *fill*         0x00000000000042dc        0x4 
 .text.virtmemFree
                0x00000000000042e0        0x4 /home/jam/dev/ultimate/saltynx/arc_mod_installer/../libnx_min/nx//lib/libnx_min.a(virtmem.o)
                0x00000000000042e0                virtmemFree
 *fill*         0x00000000000042e4        0xc 
 .text.virtmemReserveStack
                0x00000000000042f0       0xc8 /home/jam/dev/ultimate/saltynx/arc_mod_installer/../libnx_min/nx//lib/libnx_min.a(virtmem.o)
                0x00000000000042f0                virtmemReserveStack
 *fill*         0x00000000000043b8        0x8 
 .text.virtmemFreeStack
                0x00000000000043c0        0x4 /home/jam/dev/ultimate/saltynx/arc_mod_installer/../libnx_min/nx//lib/libnx_min.a(virtmem.o)
                0x00000000000043c0                virtmemFreeStack
 *fill*         0x00000000000043c4        0xc 
 .text.condvarWaitTimeout
                0x00000000000043d0       0x60 /home/jam/dev/ultimate/saltynx/arc_mod_installer/../libnx_min/nx//lib/libnx_min.a(condvar.o)
                0x00000000000043d0                condvarWaitTimeout
 .text.threadCreate
                0x0000000000004430      0x1fc /home/jam/dev/ultimate/saltynx/arc_mod_installer/../libnx_min/nx//lib/libnx_min.a(thread.o)
                0x0000000000004430                threadCreate
 *fill*         0x000000000000462c        0x4 
 .text.threadExit
                0x0000000000004630       0xb0 /home/jam/dev/ultimate/saltynx/arc_mod_installer/../libnx_min/nx//lib/libnx_min.a(thread.o)
                0x0000000000004630                threadExit
 .text._EntryWrap
                0x00000000000046e0       0x90 /home/jam/dev/ultimate/saltynx/arc_mod_installer/../libnx_min/nx//lib/libnx_min.a(thread.o)
 .text.threadStart
                0x0000000000004770        0x8 /home/jam/dev/ultimate/saltynx/arc_mod_installer/../libnx_min/nx//lib/libnx_min.a(thread.o)
                0x0000000000004770                threadStart
 *fill*         0x0000000000004778        0x8 
 .text.threadWaitForExit
                0x0000000000004780       0x2c /home/jam/dev/ultimate/saltynx/arc_mod_installer/../libnx_min/nx//lib/libnx_min.a(thread.o)
                0x0000000000004780                threadWaitForExit
 *fill*         0x00000000000047ac        0x4 
 .text.threadClose
                0x00000000000047b0       0x54 /home/jam/dev/ultimate/saltynx/arc_mod_installer/../libnx_min/nx//lib/libnx_min.a(thread.o)
                0x00000000000047b0                threadClose
 *fill*         0x0000000000004804        0xc 
 .text.threadPause
                0x0000000000004810        0xc /home/jam/dev/ultimate/saltynx/arc_mod_installer/../libnx_min/nx//lib/libnx_min.a(thread.o)
                0x0000000000004810                threadPause
 *fill*         0x000000000000481c        0x4 
 .text.threadResume
                0x0000000000004820        0xc /home/jam/dev/ultimate/saltynx/arc_mod_installer/../libnx_min/nx//lib/libnx_min.a(thread.o)
                0x0000000000004820                threadResume
 *fill*         0x000000000000482c        0x4 
 .text.threadDumpContext
                0x0000000000004830        0x8 /home/jam/dev/ultimate/saltynx/arc_mod_installer/../libnx_min/nx//lib/libnx_min.a(thread.o)
                0x0000000000004830                threadDumpContext
 *fill*         0x0000000000004838        0x8 
 .text.threadGetCurHandle
                0x0000000000004840        0xc /home/jam/dev/ultimate/saltynx/arc_mod_installer/../libnx_min/nx//lib/libnx_min.a(thread.o)
                0x0000000000004840                threadGetCurHandle
 *fill*         0x000000000000484c        0x4 
 .text.threadTlsGet
                0x0000000000004850       0x10 /home/jam/dev/ultimate/saltynx/arc_mod_installer/../libnx_min/nx//lib/libnx_min.a(thread.o)
                0x0000000000004850                threadTlsGet
 .text.threadTlsSet
                0x0000000000004860       0x10 /home/jam/dev/ultimate/saltynx/arc_mod_installer/../libnx_min/nx//lib/libnx_min.a(thread.o)
                0x0000000000004860                threadTlsSet
 .text.threadTlsAlloc
                0x0000000000004870       0xd8 /home/jam/dev/ultimate/saltynx/arc_mod_installer/../libnx_min/nx//lib/libnx_min.a(thread.o)
                0x0000000000004870                threadTlsAlloc
 *fill*         0x0000000000004948        0x8 
 .text.threadTlsFree
                0x0000000000004950       0x48 /home/jam/dev/ultimate/saltynx/arc_mod_installer/../libnx_min/nx//lib/libnx_min.a(thread.o)
                0x0000000000004950                threadTlsFree
 *fill*         0x0000000000004998        0x8 
 .text.ipcPrepareHeader
                0x00000000000049a0      0x220 /home/jam/dev/ultimate/saltynx/arc_mod_installer/../libnx_min/nx//lib/libnx_min.a(applet.o)
 .text.ipcParse
                0x0000000000004bc0      0x22c /home/jam/dev/ultimate/saltynx/arc_mod_installer/../libnx_min/nx//lib/libnx_min.a(applet.o)
 *fill*         0x0000000000004dec        0x4 
 .text.serviceIpcParse
                0x0000000000004df0       0xb0 /home/jam/dev/ultimate/saltynx/arc_mod_installer/../libnx_min/nx//lib/libnx_min.a(applet.o)
 .text.ipcConvertSessionToDomain
                0x0000000000004ea0       0x78 /home/jam/dev/ultimate/saltynx/arc_mod_installer/../libnx_min/nx//lib/libnx_min.a(applet.o)
 *fill*         0x0000000000004f18        0x8 
 .text.ipcQueryPointerBufferSize
                0x0000000000004f20       0x7c /home/jam/dev/ultimate/saltynx/arc_mod_installer/../libnx_min/nx//lib/libnx_min.a(applet.o)
 *fill*         0x0000000000004f9c        0x4 
 .text.ipcCloneSession.constprop.52
                0x0000000000004fa0       0x84 /home/jam/dev/ultimate/saltynx/arc_mod_installer/../libnx_min/nx//lib/libnx_min.a(applet.o)
 *fill*         0x0000000000005024        0xc 
 .text.ipcCloseObjectById
                0x0000000000005030       0x34 /home/jam/dev/ultimate/saltynx/arc_mod_installer/../libnx_min/nx//lib/libnx_min.a(applet.o)
 *fill*         0x0000000000005064        0xc 
 .text.serviceClose
                0x0000000000005070       0x6c /home/jam/dev/ultimate/saltynx/arc_mod_installer/../libnx_min/nx//lib/libnx_min.a(applet.o)
 *fill*         0x00000000000050dc        0x4 
 .text._appletCmdInHandle64
                0x00000000000050e0      0x204 /home/jam/dev/ultimate/saltynx/arc_mod_installer/../libnx_min/nx//lib/libnx_min.a(applet.o)
 *fill*         0x00000000000052e4        0xc 
 .text._appletReceiveMessage
                0x00000000000052f0      0x19c /home/jam/dev/ultimate/saltynx/arc_mod_installer/../libnx_min/nx//lib/libnx_min.a(applet.o)
 *fill*         0x000000000000548c        0x4 
 .text._appletCmdNoIO
                0x0000000000005490      0x164 /home/jam/dev/ultimate/saltynx/arc_mod_installer/../libnx_min/nx//lib/libnx_min.a(applet.o)
 *fill*         0x00000000000055f4        0xc 
 .text._appletGetOperationMode.constprop.43
                0x0000000000005600      0x18c /home/jam/dev/ultimate/saltynx/arc_mod_installer/../libnx_min/nx//lib/libnx_min.a(applet.o)
 *fill*         0x000000000000578c        0x4 
 .text._appletGetCurrentFocusState.constprop.45
                0x0000000000005790      0x18c /home/jam/dev/ultimate/saltynx/arc_mod_installer/../libnx_min/nx//lib/libnx_min.a(applet.o)
 *fill*         0x000000000000591c        0x4 
 .text._appletGetPerformanceMode.constprop.44
                0x0000000000005920      0x18c /home/jam/dev/ultimate/saltynx/arc_mod_installer/../libnx_min/nx//lib/libnx_min.a(applet.o)
 *fill*         0x0000000000005aac        0x4 
 .text._appletCmdNoInOutBool
                0x0000000000005ab0      0x184 /home/jam/dev/ultimate/saltynx/arc_mod_installer/../libnx_min/nx//lib/libnx_min.a(applet.o)
 *fill*         0x0000000000005c34        0xc 
 .text._appletGetSession
                0x0000000000005c40      0x1d8 /home/jam/dev/ultimate/saltynx/arc_mod_installer/../libnx_min/nx//lib/libnx_min.a(applet.o)
 *fill*         0x0000000000005e18        0x8 
 .text._appletCmdNoInOut64
                0x0000000000005e20      0x17c /home/jam/dev/ultimate/saltynx/arc_mod_installer/../libnx_min/nx//lib/libnx_min.a(applet.o)
 *fill*         0x0000000000005f9c        0x4 
 .text._appletSetOperationModeChangedNotification.constprop.46
                0x0000000000005fa0      0x164 /home/jam/dev/ultimate/saltynx/arc_mod_installer/../libnx_min/nx//lib/libnx_min.a(applet.o)
 *fill*         0x0000000000006104        0xc 
 .text._appletCmdInU8
                0x0000000000006110      0x17c /home/jam/dev/ultimate/saltynx/arc_mod_installer/../libnx_min/nx//lib/libnx_min.a(applet.o)
 *fill*         0x000000000000628c        0x4 
 .text._appletSetOutOfFocusSuspendingEnabled
                0x0000000000006290      0x16c /home/jam/dev/ultimate/saltynx/arc_mod_installer/../libnx_min/nx//lib/libnx_min.a(applet.o)
 *fill*         0x00000000000063fc        0x4 
 .text._appletSetPerformanceModeChangedNotification.constprop.47
                0x0000000000006400      0x164 /home/jam/dev/ultimate/saltynx/arc_mod_installer/../libnx_min/nx//lib/libnx_min.a(applet.o)
 *fill*         0x0000000000006564        0xc 
 .text._appletCmdInU64.constprop.37
                0x0000000000006570      0x16c /home/jam/dev/ultimate/saltynx/arc_mod_installer/../libnx_min/nx//lib/libnx_min.a(applet.o)
 *fill*         0x00000000000066dc        0x4 
 .text._appletCmdInU32.constprop.48
                0x00000000000066e0      0x16c /home/jam/dev/ultimate/saltynx/arc_mod_installer/../libnx_min/nx//lib/libnx_min.a(applet.o)
 *fill*         0x000000000000684c        0x4 
 .text._appletSetFocusHandlingMode
                0x0000000000006850      0x17c /home/jam/dev/ultimate/saltynx/arc_mod_installer/../libnx_min/nx//lib/libnx_min.a(applet.o)
 *fill*         0x00000000000069cc        0x4 
 .text._appletGetHandle.constprop.42
                0x00000000000069d0      0x178 /home/jam/dev/ultimate/saltynx/arc_mod_installer/../libnx_min/nx//lib/libnx_min.a(applet.o)
 *fill*         0x0000000000006b48        0x8 
 .text._appletGetEvent.constprop.41
                0x0000000000006b50       0x54 /home/jam/dev/ultimate/saltynx/arc_mod_installer/../libnx_min/nx//lib/libnx_min.a(applet.o)
 *fill*         0x0000000000006ba4        0xc 
 .text._appletWaitLibraryAppletLaunchableEvent
                0x0000000000006bb0       0x50 /home/jam/dev/ultimate/saltynx/arc_mod_installer/../libnx_min/nx//lib/libnx_min.a(applet.o)
 .text._appletCreateApplicationAndRequestToStartForQuest.isra.20
                0x0000000000006c00      0x17c /home/jam/dev/ultimate/saltynx/arc_mod_installer/../libnx_min/nx//lib/libnx_min.a(applet.o)
 *fill*         0x0000000000006d7c        0x4 
 .text._appletCreateApplicationAndPushAndRequestToStart
                0x0000000000006d80      0x1e0 /home/jam/dev/ultimate/saltynx/arc_mod_installer/../libnx_min/nx//lib/libnx_min.a(applet.o)
 .text._appletCmdNoInOut32.constprop.38
                0x0000000000006f60      0x194 /home/jam/dev/ultimate/saltynx/arc_mod_installer/../libnx_min/nx//lib/libnx_min.a(applet.o)
 *fill*         0x00000000000070f4        0xc 
 .text._appletCmdInSession
                0x0000000000007100      0x1d8 /home/jam/dev/ultimate/saltynx/arc_mod_installer/../libnx_min/nx//lib/libnx_min.a(applet.o)
 *fill*         0x00000000000072d8        0x8 
 .text._appletStorageGetHandle
                0x00000000000072e0      0x19c /home/jam/dev/ultimate/saltynx/arc_mod_installer/../libnx_min/nx//lib/libnx_min.a(applet.o)
 *fill*         0x000000000000747c        0x4 
 .text._appletCreateApplicationAndPushAndRequestToStartForQuest.isra.21
                0x0000000000007480      0x1e8 /home/jam/dev/ultimate/saltynx/arc_mod_installer/../libnx_min/nx//lib/libnx_min.a(applet.o)
 *fill*         0x0000000000007668        0x8 
 .text._appletCreateTransferMemoryStorage.isra.25
                0x0000000000007670      0x1e4 /home/jam/dev/ultimate/saltynx/arc_mod_installer/../libnx_min/nx//lib/libnx_min.a(applet.o)
 *fill*         0x0000000000007854        0xc 
 .text._appletGetSessionIn64.constprop.39
                0x0000000000007860      0x1c4 /home/jam/dev/ultimate/saltynx/arc_mod_installer/../libnx_min/nx//lib/libnx_min.a(applet.o)
 *fill*         0x0000000000007a24        0xc 
 .text._appletStorageAccessorRW
                0x0000000000007a30      0x314 /home/jam/dev/ultimate/saltynx/arc_mod_installer/../libnx_min/nx//lib/libnx_min.a(applet.o)
 *fill*         0x0000000000007d44        0xc 
 .text._appletStorageRW
                0x0000000000007d50      0x108 /home/jam/dev/ultimate/saltynx/arc_mod_installer/../libnx_min/nx//lib/libnx_min.a(applet.o)
 *fill*         0x0000000000007e58        0x8 
 .text._appletCreateLibraryApplet
                0x0000000000007e60      0x1c4 /home/jam/dev/ultimate/saltynx/arc_mod_installer/../libnx_min/nx//lib/libnx_min.a(applet.o)
 *fill*         0x0000000000008024        0xc 
 .text._appletGetSessionProxy.constprop.40
                0x0000000000008030      0x1f0 /home/jam/dev/ultimate/saltynx/arc_mod_installer/../libnx_min/nx//lib/libnx_min.a(applet.o)
 .text.appletGetAppletType
                0x0000000000008220       0x10 /home/jam/dev/ultimate/saltynx/arc_mod_installer/../libnx_min/nx//lib/libnx_min.a(applet.o)
                0x0000000000008220                appletGetAppletType
 .text.appletHook
                0x0000000000008230       0x28 /home/jam/dev/ultimate/saltynx/arc_mod_installer/../libnx_min/nx//lib/libnx_min.a(applet.o)
                0x0000000000008230                appletHook
 *fill*         0x0000000000008258        0x8 
 .text.appletUnhook
                0x0000000000008260       0x34 /home/jam/dev/ultimate/saltynx/arc_mod_installer/../libnx_min/nx//lib/libnx_min.a(applet.o)
                0x0000000000008260                appletUnhook
 *fill*         0x0000000000008294        0xc 
 .text.appletSetThemeColorType
                0x00000000000082a0        0xc /home/jam/dev/ultimate/saltynx/arc_mod_installer/../libnx_min/nx//lib/libnx_min.a(applet.o)
                0x00000000000082a0                appletSetThemeColorType
 *fill*         0x00000000000082ac        0x4 
 .text.appletGetThemeColorType
                0x00000000000082b0        0xc /home/jam/dev/ultimate/saltynx/arc_mod_installer/../libnx_min/nx//lib/libnx_min.a(applet.o)
                0x00000000000082b0                appletGetThemeColorType
 *fill*         0x00000000000082bc        0x4 
 .text.appletSetFocusHandlingMode
                0x00000000000082c0       0xf0 /home/jam/dev/ultimate/saltynx/arc_mod_installer/../libnx_min/nx//lib/libnx_min.a(applet.o)
                0x00000000000082c0                appletSetFocusHandlingMode
 .text.appletGetAppletResourceUserId
                0x00000000000083b0       0x28 /home/jam/dev/ultimate/saltynx/arc_mod_installer/../libnx_min/nx//lib/libnx_min.a(applet.o)
                0x00000000000083b0                appletGetAppletResourceUserId
 *fill*         0x00000000000083d8        0x8 
 .text._appletGetIndirectLayerConsumerHandle
                0x00000000000083e0      0x12c /home/jam/dev/ultimate/saltynx/arc_mod_installer/../libnx_min/nx//lib/libnx_min.a(applet.o)
 *fill*         0x000000000000850c        0x4 
 .text._appletHolderCreate
                0x0000000000008510       0xc0 /home/jam/dev/ultimate/saltynx/arc_mod_installer/../libnx_min/nx//lib/libnx_min.a(applet.o)
 .text.appletPopLaunchParameter
                0x00000000000085d0      0x194 /home/jam/dev/ultimate/saltynx/arc_mod_installer/../libnx_min/nx//lib/libnx_min.a(applet.o)
                0x00000000000085d0                appletPopLaunchParameter
 *fill*         0x0000000000008764        0xc 
 .text.appletGetDesiredLanguage
                0x0000000000008770       0x3c /home/jam/dev/ultimate/saltynx/arc_mod_installer/../libnx_min/nx//lib/libnx_min.a(applet.o)
                0x0000000000008770                appletGetDesiredLanguage
 *fill*         0x00000000000087ac        0x4 
 .text.appletSetTerminateResult
                0x00000000000087b0      0x14c /home/jam/dev/ultimate/saltynx/arc_mod_installer/../libnx_min/nx//lib/libnx_min.a(applet.o)
                0x00000000000087b0                appletSetTerminateResult
 *fill*         0x00000000000088fc        0x4 
 .text.appletSetMediaPlaybackState
                0x0000000000008900       0x4c /home/jam/dev/ultimate/saltynx/arc_mod_installer/../libnx_min/nx//lib/libnx_min.a(applet.o)
                0x0000000000008900                appletSetMediaPlaybackState
 *fill*         0x000000000000894c        0x4 
 .text.appletBeginBlockingHomeButton
                0x0000000000008950      0x14c /home/jam/dev/ultimate/saltynx/arc_mod_installer/../libnx_min/nx//lib/libnx_min.a(applet.o)
                0x0000000000008950                appletBeginBlockingHomeButton
 *fill*         0x0000000000008a9c        0x4 
 .text.appletEndBlockingHomeButton
                0x0000000000008aa0       0x38 /home/jam/dev/ultimate/saltynx/arc_mod_installer/../libnx_min/nx//lib/libnx_min.a(applet.o)
                0x0000000000008aa0                appletEndBlockingHomeButton
 *fill*         0x0000000000008ad8        0x8 
 .text.appletNotifyRunning
                0x0000000000008ae0      0x174 /home/jam/dev/ultimate/saltynx/arc_mod_installer/../libnx_min/nx//lib/libnx_min.a(applet.o)
                0x0000000000008ae0                appletNotifyRunning
 *fill*         0x0000000000008c54        0xc 
 .text.appletIsGamePlayRecordingSupported
                0x0000000000008c60      0x168 /home/jam/dev/ultimate/saltynx/arc_mod_installer/../libnx_min/nx//lib/libnx_min.a(applet.o)
                0x0000000000008c60                appletIsGamePlayRecordingSupported
 *fill*         0x0000000000008dc8        0x8 
 .text.appletSetGamePlayRecordingState
                0x0000000000008dd0      0x158 /home/jam/dev/ultimate/saltynx/arc_mod_installer/../libnx_min/nx//lib/libnx_min.a(applet.o)
                0x0000000000008dd0                appletSetGamePlayRecordingState
 *fill*         0x0000000000008f28        0x8 
 .text.appletInitializeGamePlayRecording
                0x0000000000008f30      0x138 /home/jam/dev/ultimate/saltynx/arc_mod_installer/../libnx_min/nx//lib/libnx_min.a(applet.o)
                0x0000000000008f30                appletInitializeGamePlayRecording
 *fill*         0x0000000000009068        0x8 
 .text.appletQueryApplicationPlayStatistics
                0x0000000000009070      0x1c0 /home/jam/dev/ultimate/saltynx/arc_mod_installer/../libnx_min/nx//lib/libnx_min.a(applet.o)
                0x0000000000009070                appletQueryApplicationPlayStatistics
 .text.appletBeginToWatchShortHomeButtonMessage
                0x0000000000009230       0x2c /home/jam/dev/ultimate/saltynx/arc_mod_installer/../libnx_min/nx//lib/libnx_min.a(applet.o)
                0x0000000000009230                appletBeginToWatchShortHomeButtonMessage
 *fill*         0x000000000000925c        0x4 
 .text.appletEndToWatchShortHomeButtonMessage
                0x0000000000009260       0x2c /home/jam/dev/ultimate/saltynx/arc_mod_installer/../libnx_min/nx//lib/libnx_min.a(applet.o)
                0x0000000000009260                appletEndToWatchShortHomeButtonMessage
 *fill*         0x000000000000928c        0x4 
 .text.appletHomeButtonReaderLockAccessorGetEvent
                0x0000000000009290       0xc8 /home/jam/dev/ultimate/saltynx/arc_mod_installer/../libnx_min/nx//lib/libnx_min.a(applet.o)
                0x0000000000009290                appletHomeButtonReaderLockAccessorGetEvent
 *fill*         0x0000000000009358        0x8 
 .text.appletIsVrModeEnabled
                0x0000000000009360       0x4c /home/jam/dev/ultimate/saltynx/arc_mod_installer/../libnx_min/nx//lib/libnx_min.a(applet.o)
                0x0000000000009360                appletIsVrModeEnabled
 *fill*         0x00000000000093ac        0x4 
 .text.appletSetVrModeEnabled
                0x00000000000093b0       0x78 /home/jam/dev/ultimate/saltynx/arc_mod_installer/../libnx_min/nx//lib/libnx_min.a(applet.o)
                0x00000000000093b0                appletSetVrModeEnabled
 *fill*         0x0000000000009428        0x8 
 .text.appletSetCpuBoostMode
                0x0000000000009430       0x50 /home/jam/dev/ultimate/saltynx/arc_mod_installer/../libnx_min/nx//lib/libnx_min.a(applet.o)
                0x0000000000009430                appletSetCpuBoostMode
 .text.appletExit
                0x0000000000009480      0x5dc /home/jam/dev/ultimate/saltynx/arc_mod_installer/../libnx_min/nx//lib/libnx_min.a(applet.o)
                0x0000000000009480                appletExit
 *fill*         0x0000000000009a5c        0x4 
 .text.appletInitialize
                0x0000000000009a60      0x4f0 /home/jam/dev/ultimate/saltynx/arc_mod_installer/../libnx_min/nx//lib/libnx_min.a(applet.o)
                0x0000000000009a60                appletInitialize
 .text._appletExitProcess
                0x0000000000009f50       0x10 /home/jam/dev/ultimate/saltynx/arc_mod_installer/../libnx_min/nx//lib/libnx_min.a(applet.o)
 .text.appletGetCurrentPerformanceConfiguration
                0x0000000000009f60       0x40 /home/jam/dev/ultimate/saltynx/arc_mod_installer/../libnx_min/nx//lib/libnx_min.a(applet.o)
                0x0000000000009f60                appletGetCurrentPerformanceConfiguration
 .text.appletLockExit
                0x0000000000009fa0       0x10 /home/jam/dev/ultimate/saltynx/arc_mod_installer/../libnx_min/nx//lib/libnx_min.a(applet.o)
                0x0000000000009fa0                appletLockExit
 .text.appletUnlockExit
                0x0000000000009fb0       0x10 /home/jam/dev/ultimate/saltynx/arc_mod_installer/../libnx_min/nx//lib/libnx_min.a(applet.o)
                0x0000000000009fb0                appletUnlockExit
 .text.appletSetScreenShotPermission
                0x0000000000009fc0      0x16c /home/jam/dev/ultimate/saltynx/arc_mod_installer/../libnx_min/nx//lib/libnx_min.a(applet.o)
                0x0000000000009fc0                appletSetScreenShotPermission
 *fill*         0x000000000000a12c        0x4 
 .text.appletSetScreenShotImageOrientation
                0x000000000000a130      0x1c4 /home/jam/dev/ultimate/saltynx/arc_mod_installer/../libnx_min/nx//lib/libnx_min.a(applet.o)
                0x000000000000a130                appletSetScreenShotImageOrientation
 *fill*         0x000000000000a2f4        0xc 
 .text.appletCreateManagedDisplayLayer
                0x000000000000a300       0x14 /home/jam/dev/ultimate/saltynx/arc_mod_installer/../libnx_min/nx//lib/libnx_min.a(applet.o)
                0x000000000000a300                appletCreateManagedDisplayLayer
 *fill*         0x000000000000a314        0xc 
 .text.appletGetCurrentIlluminance
                0x000000000000a320      0x168 /home/jam/dev/ultimate/saltynx/arc_mod_installer/../libnx_min/nx//lib/libnx_min.a(applet.o)
                0x000000000000a320                appletGetCurrentIlluminance
 *fill*         0x000000000000a488        0x8 
 .text.appletIsIlluminanceAvailable
                0x000000000000a490       0x4c /home/jam/dev/ultimate/saltynx/arc_mod_installer/../libnx_min/nx//lib/libnx_min.a(applet.o)
                0x000000000000a490                appletIsIlluminanceAvailable
 *fill*         0x000000000000a4dc        0x4 
 .text.appletGetCurrentIlluminanceEx
                0x000000000000a4e0      0x19c /home/jam/dev/ultimate/saltynx/arc_mod_installer/../libnx_min/nx//lib/libnx_min.a(applet.o)
                0x000000000000a4e0                appletGetCurrentIlluminanceEx
 *fill*         0x000000000000a67c        0x4 
 .text.appletCreateLibraryApplet
                0x000000000000a680        0x8 /home/jam/dev/ultimate/saltynx/arc_mod_installer/../libnx_min/nx//lib/libnx_min.a(applet.o)
                0x000000000000a680                appletCreateLibraryApplet
 *fill*         0x000000000000a688        0x8 
 .text.appletCreateLibraryAppletSelf
                0x000000000000a690        0x8 /home/jam/dev/ultimate/saltynx/arc_mod_installer/../libnx_min/nx//lib/libnx_min.a(applet.o)
                0x000000000000a690                appletCreateLibraryAppletSelf
 *fill*         0x000000000000a698        0x8 
 .text.appletHolderClose
                0x000000000000a6a0       0x94 /home/jam/dev/ultimate/saltynx/arc_mod_installer/../libnx_min/nx//lib/libnx_min.a(applet.o)
                0x000000000000a6a0                appletHolderClose
 *fill*         0x000000000000a734        0xc 
 .text.appletHolderActive
                0x000000000000a740       0x10 /home/jam/dev/ultimate/saltynx/arc_mod_installer/../libnx_min/nx//lib/libnx_min.a(applet.o)
                0x000000000000a740                appletHolderActive
 .text.appletHolderGetIndirectLayerConsumerHandle
                0x000000000000a750       0x74 /home/jam/dev/ultimate/saltynx/arc_mod_installer/../libnx_min/nx//lib/libnx_min.a(applet.o)
                0x000000000000a750                appletHolderGetIndirectLayerConsumerHandle
 *fill*         0x000000000000a7c4        0xc 
 .text.appletHolderStart
                0x000000000000a7d0       0x50 /home/jam/dev/ultimate/saltynx/arc_mod_installer/../libnx_min/nx//lib/libnx_min.a(applet.o)
                0x000000000000a7d0                appletHolderStart
 .text.appletHolderJoin
                0x000000000000a820       0x80 /home/jam/dev/ultimate/saltynx/arc_mod_installer/../libnx_min/nx//lib/libnx_min.a(applet.o)
                0x000000000000a820                appletHolderJoin
 .text.appletHolderCheckFinished
                0x000000000000a8a0       0x24 /home/jam/dev/ultimate/saltynx/arc_mod_installer/../libnx_min/nx//lib/libnx_min.a(applet.o)
                0x000000000000a8a0                appletHolderCheckFinished
 *fill*         0x000000000000a8c4        0xc 
 .text.appletHolderRequestExit
                0x000000000000a8d0       0x50 /home/jam/dev/ultimate/saltynx/arc_mod_installer/../libnx_min/nx//lib/libnx_min.a(applet.o)
                0x000000000000a8d0                appletHolderRequestExit
 .text.appletHolderGetExitReason
                0x000000000000a920        0x8 /home/jam/dev/ultimate/saltynx/arc_mod_installer/../libnx_min/nx//lib/libnx_min.a(applet.o)
                0x000000000000a920                appletHolderGetExitReason
 *fill*         0x000000000000a928        0x8 
 .text.appletHolderWaitInteractiveOut
                0x000000000000a930       0x88 /home/jam/dev/ultimate/saltynx/arc_mod_installer/../libnx_min/nx//lib/libnx_min.a(applet.o)
                0x000000000000a930                appletHolderWaitInteractiveOut
 *fill*         0x000000000000a9b8        0x8 
 .text.appletHolderPopOutData
                0x000000000000a9c0       0x18 /home/jam/dev/ultimate/saltynx/arc_mod_installer/../libnx_min/nx//lib/libnx_min.a(applet.o)
                0x000000000000a9c0                appletHolderPopOutData
 *fill*         0x000000000000a9d8        0x8 
 .text.appletHolderPopInteractiveOutData
                0x000000000000a9e0       0x18 /home/jam/dev/ultimate/saltynx/arc_mod_installer/../libnx_min/nx//lib/libnx_min.a(applet.o)
                0x000000000000a9e0                appletHolderPopInteractiveOutData
 *fill*         0x000000000000a9f8        0x8 
 .text.appletCreateStorage
                0x000000000000aa00       0x14 /home/jam/dev/ultimate/saltynx/arc_mod_installer/../libnx_min/nx//lib/libnx_min.a(applet.o)
                0x000000000000aa00                appletCreateStorage
 *fill*         0x000000000000aa14        0xc 
 .text.appletCreateTransferMemoryStorage
                0x000000000000aa20       0xa8 /home/jam/dev/ultimate/saltynx/arc_mod_installer/../libnx_min/nx//lib/libnx_min.a(applet.o)
                0x000000000000aa20                appletCreateTransferMemoryStorage
 *fill*         0x000000000000aac8        0x8 
 .text.appletCreateHandleStorage
                0x000000000000aad0       0x64 /home/jam/dev/ultimate/saltynx/arc_mod_installer/../libnx_min/nx//lib/libnx_min.a(applet.o)
                0x000000000000aad0                appletCreateHandleStorage
 *fill*         0x000000000000ab34        0xc 
 .text.appletCreateHandleStorageTmem
                0x000000000000ab40       0xa0 /home/jam/dev/ultimate/saltynx/arc_mod_installer/../libnx_min/nx//lib/libnx_min.a(applet.o)
                0x000000000000ab40                appletCreateHandleStorageTmem
 .text.appletStorageClose
                0x000000000000abe0       0x6c /home/jam/dev/ultimate/saltynx/arc_mod_installer/../libnx_min/nx//lib/libnx_min.a(applet.o)
                0x000000000000abe0                appletStorageClose
 *fill*         0x000000000000ac4c        0x4 
 .text.appletRequestLaunchApplication
                0x000000000000ac50      0x188 /home/jam/dev/ultimate/saltynx/arc_mod_installer/../libnx_min/nx//lib/libnx_min.a(applet.o)
                0x000000000000ac50                appletRequestLaunchApplication
 *fill*         0x000000000000add8        0x8 
 .text.appletRequestLaunchApplicationForQuest
                0x000000000000ade0      0x168 /home/jam/dev/ultimate/saltynx/arc_mod_installer/../libnx_min/nx//lib/libnx_min.a(applet.o)
                0x000000000000ade0                appletRequestLaunchApplicationForQuest
 *fill*         0x000000000000af48        0x8 
 .text.appletHolderPushInteractiveInData
                0x000000000000af50       0x40 /home/jam/dev/ultimate/saltynx/arc_mod_installer/../libnx_min/nx//lib/libnx_min.a(applet.o)
                0x000000000000af50                appletHolderPushInteractiveInData
 .text.appletPushToGeneralChannel
                0x000000000000af90       0x4c /home/jam/dev/ultimate/saltynx/arc_mod_installer/../libnx_min/nx//lib/libnx_min.a(applet.o)
                0x000000000000af90                appletPushToGeneralChannel
 *fill*         0x000000000000afdc        0x4 
 .text.appletHolderPushInData
                0x000000000000afe0       0x40 /home/jam/dev/ultimate/saltynx/arc_mod_installer/../libnx_min/nx//lib/libnx_min.a(applet.o)
                0x000000000000afe0                appletHolderPushInData
 .text.appletHolderPushExtraStorage
                0x000000000000b020       0x40 /home/jam/dev/ultimate/saltynx/arc_mod_installer/../libnx_min/nx//lib/libnx_min.a(applet.o)
                0x000000000000b020                appletHolderPushExtraStorage
 .text.appletStorageCloseTmem
                0x000000000000b060        0x8 /home/jam/dev/ultimate/saltynx/arc_mod_installer/../libnx_min/nx//lib/libnx_min.a(applet.o)
                0x000000000000b060                appletStorageCloseTmem
 *fill*         0x000000000000b068        0x8 
 .text.appletStorageGetSize
                0x000000000000b070       0xc4 /home/jam/dev/ultimate/saltynx/arc_mod_installer/../libnx_min/nx//lib/libnx_min.a(applet.o)
                0x000000000000b070                appletStorageGetSize
 *fill*         0x000000000000b134        0xc 
 .text.appletStorageWrite
                0x000000000000b140        0x8 /home/jam/dev/ultimate/saltynx/arc_mod_installer/../libnx_min/nx//lib/libnx_min.a(applet.o)
                0x000000000000b140                appletStorageWrite
 *fill*         0x000000000000b148        0x8 
 .text.appletStorageRead
                0x000000000000b150        0x8 /home/jam/dev/ultimate/saltynx/arc_mod_installer/../libnx_min/nx//lib/libnx_min.a(applet.o)
                0x000000000000b150                appletStorageRead
 *fill*         0x000000000000b158        0x8 
 .text.appletStorageGetHandle
                0x000000000000b160       0xfc /home/jam/dev/ultimate/saltynx/arc_mod_installer/../libnx_min/nx//lib/libnx_min.a(applet.o)
                0x000000000000b160                appletStorageGetHandle
 *fill*         0x000000000000b25c        0x4 
 .text.appletStorageMap
                0x000000000000b260       0xcc /home/jam/dev/ultimate/saltynx/arc_mod_installer/../libnx_min/nx//lib/libnx_min.a(applet.o)
                0x000000000000b260                appletStorageMap
 *fill*         0x000000000000b32c        0x4 
 .text.appletGetOperationMode
                0x000000000000b330        0xc /home/jam/dev/ultimate/saltynx/arc_mod_installer/../libnx_min/nx//lib/libnx_min.a(applet.o)
                0x000000000000b330                appletGetOperationMode
 *fill*         0x000000000000b33c        0x4 
 .text.appletGetPerformanceMode
                0x000000000000b340        0xc /home/jam/dev/ultimate/saltynx/arc_mod_installer/../libnx_min/nx//lib/libnx_min.a(applet.o)
                0x000000000000b340                appletGetPerformanceMode
 *fill*         0x000000000000b34c        0x4 
 .text.appletGetFocusState
                0x000000000000b350        0xc /home/jam/dev/ultimate/saltynx/arc_mod_installer/../libnx_min/nx//lib/libnx_min.a(applet.o)
                0x000000000000b350                appletGetFocusState
 *fill*         0x000000000000b35c        0x4 
 .text.appletGetMessage
                0x000000000000b360       0x5c /home/jam/dev/ultimate/saltynx/arc_mod_installer/../libnx_min/nx//lib/libnx_min.a(applet.o)
                0x000000000000b360                appletGetMessage
 *fill*         0x000000000000b3bc        0x4 
 .text.appletProcessMessage
                0x000000000000b3c0      0x118 /home/jam/dev/ultimate/saltynx/arc_mod_installer/../libnx_min/nx//lib/libnx_min.a(applet.o)
                0x000000000000b3c0                appletProcessMessage
 *fill*         0x000000000000b4d8        0x8 
 .text.appletMainLoop
                0x000000000000b4e0       0x34 /home/jam/dev/ultimate/saltynx/arc_mod_installer/../libnx_min/nx//lib/libnx_min.a(applet.o)
                0x000000000000b4e0                appletMainLoop
 *fill*         0x000000000000b514        0xc 
 .text.ipcCloseObjectById
                0x000000000000b520       0x34 /home/jam/dev/ultimate/saltynx/arc_mod_installer/../libnx_min/nx//lib/libnx_min.a(time.o)
 *fill*         0x000000000000b554        0xc 
 .text._timeGetSession
                0x000000000000b560      0x12c /home/jam/dev/ultimate/saltynx/arc_mod_installer/../libnx_min/nx//lib/libnx_min.a(time.o)
 *fill*         0x000000000000b68c        0x4 
 .text.timeExit
                0x000000000000b690      0x1ec /home/jam/dev/ultimate/saltynx/arc_mod_installer/../libnx_min/nx//lib/libnx_min.a(time.o)
                0x000000000000b690                timeExit
 *fill*         0x000000000000b87c        0x4 
 .text.timeInitialize
                0x000000000000b880       0xd8 /home/jam/dev/ultimate/saltynx/arc_mod_installer/../libnx_min/nx//lib/libnx_min.a(time.o)
                0x000000000000b880                timeInitialize
 *fill*         0x000000000000b958        0x8 
 .text.timeGetSessionService
                0x000000000000b960        0xc /home/jam/dev/ultimate/saltynx/arc_mod_installer/../libnx_min/nx//lib/libnx_min.a(time.o)
                0x000000000000b960                timeGetSessionService
 *fill*         0x000000000000b96c        0x4 
 .text.timeGetCurrentTime
                0x000000000000b970      0x124 /home/jam/dev/ultimate/saltynx/arc_mod_installer/../libnx_min/nx//lib/libnx_min.a(time.o)
                0x000000000000b970                timeGetCurrentTime
 *fill*         0x000000000000ba94        0xc 
 .text.timeSetCurrentTime
                0x000000000000baa0      0x104 /home/jam/dev/ultimate/saltynx/arc_mod_installer/../libnx_min/nx//lib/libnx_min.a(time.o)
                0x000000000000baa0                timeSetCurrentTime
 *fill*         0x000000000000bba4        0xc 
 .text.timeToCalendarTimeWithMyRule
                0x000000000000bbb0      0x118 /home/jam/dev/ultimate/saltynx/arc_mod_installer/../libnx_min/nx//lib/libnx_min.a(time.o)
                0x000000000000bbb0                timeToCalendarTimeWithMyRule
 *fill*         0x000000000000bcc8        0x8 
 .text._hidGetDeviceHandles.part.7
                0x000000000000bcd0       0xec /home/jam/dev/ultimate/saltynx/arc_mod_installer/../libnx_min/nx//lib/libnx_min.a(hid.o)
 *fill*         0x000000000000bdbc        0x4 
 .text.ipcCloseObjectById
                0x000000000000bdc0       0x34 /home/jam/dev/ultimate/saltynx/arc_mod_installer/../libnx_min/nx//lib/libnx_min.a(hid.o)
 *fill*         0x000000000000bdf4        0xc 
 .text._hidActivateVibrationDevice
                0x000000000000be00       0xc8 /home/jam/dev/ultimate/saltynx/arc_mod_installer/../libnx_min/nx//lib/libnx_min.a(hid.o)
 *fill*         0x000000000000bec8        0x8 
 .text._hidGetSharedMemoryHandle.constprop.17
                0x000000000000bed0      0x124 /home/jam/dev/ultimate/saltynx/arc_mod_installer/../libnx_min/nx//lib/libnx_min.a(hid.o)
 *fill*         0x000000000000bff4        0xc 
 .text._hidCreateActiveVibrationDeviceList
                0x000000000000c000      0x134 /home/jam/dev/ultimate/saltynx/arc_mod_installer/../libnx_min/nx//lib/libnx_min.a(hid.o)
 *fill*         0x000000000000c134        0xc 
 .text._hidCmdWithNoInput
                0x000000000000c140      0x100 /home/jam/dev/ultimate/saltynx/arc_mod_installer/../libnx_min/nx//lib/libnx_min.a(hid.o)
 .text._hidCreateAppletResource.constprop.16
                0x000000000000c240      0x134 /home/jam/dev/ultimate/saltynx/arc_mod_installer/../libnx_min/nx//lib/libnx_min.a(hid.o)
 *fill*         0x000000000000c374        0xc 
 .text._hidCmdWithInputU32
                0x000000000000c380      0x10c /home/jam/dev/ultimate/saltynx/arc_mod_installer/../libnx_min/nx//lib/libnx_min.a(hid.o)
 *fill*         0x000000000000c48c        0x4 
 .text._hidCmdWithInputU64.constprop.18
                0x000000000000c490      0x108 /home/jam/dev/ultimate/saltynx/arc_mod_installer/../libnx_min/nx//lib/libnx_min.a(hid.o)
 *fill*         0x000000000000c598        0x8 
 .text._hidInitializeSevenSixAxisSensor.isra.11.constprop.19
                0x000000000000c5a0      0x1f8 /home/jam/dev/ultimate/saltynx/arc_mod_installer/../libnx_min/nx//lib/libnx_min.a(hid.o)
 *fill*         0x000000000000c798        0x8 
 .text.hidReset
                0x000000000000c7a0      0x1f8 /home/jam/dev/ultimate/saltynx/arc_mod_installer/../libnx_min/nx//lib/libnx_min.a(hid.o)
                0x000000000000c7a0                hidReset
 *fill*         0x000000000000c998        0x8 
 .text.hidGetSessionService
                0x000000000000c9a0        0xc /home/jam/dev/ultimate/saltynx/arc_mod_installer/../libnx_min/nx//lib/libnx_min.a(hid.o)
                0x000000000000c9a0                hidGetSessionService
 *fill*         0x000000000000c9ac        0x4 
 .text.hidGetSharedmemAddr
                0x000000000000c9b0        0xc /home/jam/dev/ultimate/saltynx/arc_mod_installer/../libnx_min/nx//lib/libnx_min.a(hid.o)
                0x000000000000c9b0                hidGetSharedmemAddr
 *fill*         0x000000000000c9bc        0x4 
 .text.hidSetControllerLayout
                0x000000000000c9c0       0x54 /home/jam/dev/ultimate/saltynx/arc_mod_installer/../libnx_min/nx//lib/libnx_min.a(hid.o)
                0x000000000000c9c0                hidSetControllerLayout
 *fill*         0x000000000000ca14        0xc 
 .text.hidGetControllerLayout
                0x000000000000ca20       0x50 /home/jam/dev/ultimate/saltynx/arc_mod_installer/../libnx_min/nx//lib/libnx_min.a(hid.o)
                0x000000000000ca20                hidGetControllerLayout
 .text.hidGetControllerType
                0x000000000000ca70       0x78 /home/jam/dev/ultimate/saltynx/arc_mod_installer/../libnx_min/nx//lib/libnx_min.a(hid.o)
                0x000000000000ca70                hidGetControllerType
 *fill*         0x000000000000cae8        0x8 
 .text.hidGetControllerColors
                0x000000000000caf0       0xd4 /home/jam/dev/ultimate/saltynx/arc_mod_installer/../libnx_min/nx//lib/libnx_min.a(hid.o)
                0x000000000000caf0                hidGetControllerColors
 *fill*         0x000000000000cbc4        0xc 
 .text.hidIsControllerConnected
                0x000000000000cbd0       0x7c /home/jam/dev/ultimate/saltynx/arc_mod_installer/../libnx_min/nx//lib/libnx_min.a(hid.o)
                0x000000000000cbd0                hidIsControllerConnected
 *fill*         0x000000000000cc4c        0x4 
 .text.hidGetControllerDeviceType
                0x000000000000cc50       0x70 /home/jam/dev/ultimate/saltynx/arc_mod_installer/../libnx_min/nx//lib/libnx_min.a(hid.o)
                0x000000000000cc50                hidGetControllerDeviceType
 .text.hidGetControllerFlags
                0x000000000000ccc0       0x90 /home/jam/dev/ultimate/saltynx/arc_mod_installer/../libnx_min/nx//lib/libnx_min.a(hid.o)
                0x000000000000ccc0                hidGetControllerFlags
 .text.hidGetControllerPowerInfo
                0x000000000000cd50      0x114 /home/jam/dev/ultimate/saltynx/arc_mod_installer/../libnx_min/nx//lib/libnx_min.a(hid.o)
                0x000000000000cd50                hidGetControllerPowerInfo
 *fill*         0x000000000000ce64        0xc 
 .text.hidKeysHeld
                0x000000000000ce70       0x6c /home/jam/dev/ultimate/saltynx/arc_mod_installer/../libnx_min/nx//lib/libnx_min.a(hid.o)
                0x000000000000ce70                hidKeysHeld
 *fill*         0x000000000000cedc        0x4 
 .text.hidKeysDown
                0x000000000000cee0       0x6c /home/jam/dev/ultimate/saltynx/arc_mod_installer/../libnx_min/nx//lib/libnx_min.a(hid.o)
                0x000000000000cee0                hidKeysDown
 *fill*         0x000000000000cf4c        0x4 
 .text.hidKeysUp
                0x000000000000cf50       0x6c /home/jam/dev/ultimate/saltynx/arc_mod_installer/../libnx_min/nx//lib/libnx_min.a(hid.o)
                0x000000000000cf50                hidKeysUp
 *fill*         0x000000000000cfbc        0x4 
 .text.hidMouseButtonsHeld
                0x000000000000cfc0       0x3c /home/jam/dev/ultimate/saltynx/arc_mod_installer/../libnx_min/nx//lib/libnx_min.a(hid.o)
                0x000000000000cfc0                hidMouseButtonsHeld
 *fill*         0x000000000000cffc        0x4 
 .text.hidMouseButtonsDown
                0x000000000000d000       0x3c /home/jam/dev/ultimate/saltynx/arc_mod_installer/../libnx_min/nx//lib/libnx_min.a(hid.o)
                0x000000000000d000                hidMouseButtonsDown
 *fill*         0x000000000000d03c        0x4 
 .text.hidMouseButtonsUp
                0x000000000000d040       0x3c /home/jam/dev/ultimate/saltynx/arc_mod_installer/../libnx_min/nx//lib/libnx_min.a(hid.o)
                0x000000000000d040                hidMouseButtonsUp
 *fill*         0x000000000000d07c        0x4 
 .text.hidMouseRead
                0x000000000000d080       0x48 /home/jam/dev/ultimate/saltynx/arc_mod_installer/../libnx_min/nx//lib/libnx_min.a(hid.o)